2024-03-04T00:42:40.598058+00:00 controlnode kernel: [    0.000000] Linux version 6.2.0-39-generic (buildd@bos03-amd64-014) (x86_64-linux-gnu-gcc-12 (Ubuntu 12.3.0-1ubuntu1~23.04) 12.3.0, GNU ld (GNU Binutils for Ubuntu) 2.40) #40-Ubuntu SMP PREEMPT_DYNAMIC Tue Nov 14 14:18:00 UTC 2023 (Ubuntu 6.2.0-39.40-generic 6.2.16)
2024-03-04T00:42:40.600264+00:00 controlnode kernel: [    0.000000] Command line: BOOT_IMAGE=/boot/vmlinuz-6.2.0-39-generic root=UUID=f672794d-85de-41af-8fb4-d8951d91b283 ro quiet splash
2024-03-04T00:42:40.600267+00:00 controlnode kernel: [    0.000000] KERNEL supported cpus:
2024-03-04T00:42:40.600267+00:00 controlnode kernel: [    0.000000]   Intel GenuineIntel
2024-03-04T00:42:40.600267+00:00 controlnode kernel: [    0.000000]   AMD AuthenticAMD
2024-03-04T00:42:40.600268+00:00 controlnode kernel: [    0.000000]   Hygon HygonGenuine
2024-03-04T00:42:40.600271+00:00 controlnode kernel: [    0.000000]   Centaur CentaurHauls
2024-03-04T00:42:40.600271+00:00 controlnode kernel: [    0.000000]   zhaoxin   Shanghai  
2024-03-04T00:42:40.600271+00:00 controlnode kernel: [    0.000000] BIOS-provided physical RAM map:
2024-03-04T00:42:40.600272+00:00 controlnode kernel: [    0.000000] BIOS-e820: [mem 0x0000000000000000-0x000000000009fbff] usable
2024-03-04T00:42:40.600272+00:00 controlnode kernel: [    0.000000] BIOS-e820: [mem 0x000000000009fc00-0x000000000009ffff] reserved
2024-03-04T00:42:40.600272+00:00 controlnode kernel: [    0.000000] BIOS-e820: [mem 0x00000000000f0000-0x00000000000fffff] reserved
2024-03-04T00:42:40.600272+00:00 controlnode kernel: [    0.000000] BIOS-e820: [mem 0x0000000000100000-0x00000000dffeffff] usable
2024-03-04T00:42:40.600275+00:00 controlnode kernel: [    0.000000] BIOS-e820: [mem 0x00000000dfff0000-0x00000000dfffffff] ACPI data
2024-03-04T00:42:40.600275+00:00 controlnode kernel: [    0.000000] BIOS-e820: [mem 0x00000000fec00000-0x00000000fec00fff] reserved
2024-03-04T00:42:40.600275+00:00 controlnode kernel: [    0.000000] BIOS-e820: [mem 0x00000000fee00000-0x00000000fee00fff] reserved
2024-03-04T00:42:40.600276+00:00 controlnode kernel: [    0.000000] BIOS-e820: [mem 0x00000000fffc0000-0x00000000ffffffff] reserved
2024-03-04T00:42:40.600276+00:00 controlnode kernel: [    0.000000] BIOS-e820: [mem 0x0000000100000000-0x000000011fffffff] usable
2024-03-04T00:42:40.600276+00:00 controlnode kernel: [    0.000000] NX (Execute Disable) protection: active
2024-03-04T00:42:40.600277+00:00 controlnode kernel: [    0.000000] SMBIOS 2.5 present.
2024-03-04T00:42:40.600277+00:00 controlnode kernel: [    0.000000] DMI: innotek GmbH VirtualBox/VirtualBox, BIOS VirtualBox 12/01/2006
2024-03-04T00:42:40.600278+00:00 controlnode kernel: [    0.000000] Hypervisor detected: KVM
2024-03-04T00:42:40.600278+00:00 controlnode kernel: [    0.000000] kvm-clock: Using msrs 4b564d01 and 4b564d00
2024-03-04T00:42:40.600278+00:00 controlnode kernel: [    0.000003] kvm-clock: using sched offset of 1062658629231 cycles
2024-03-04T00:42:40.600278+00:00 controlnode kernel: [    0.000005] clocksource: kvm-clock: mask: 0xffffffffffffffff max_cycles: 0x1cd42e4dffb, max_idle_ns: 881590591483 ns
2024-03-04T00:42:40.600280+00:00 controlnode kernel: [    0.000008] tsc: Detected 2111.998 MHz processor
2024-03-04T00:42:40.600280+00:00 controlnode kernel: [    0.001325] e820: update [mem 0x00000000-0x00000fff] usable ==> reserved
2024-03-04T00:42:40.600280+00:00 controlnode kernel: [    0.001328] e820: remove [mem 0x000a0000-0x000fffff] usable
2024-03-04T00:42:40.600280+00:00 controlnode kernel: [    0.001332] last_pfn = 0x120000 max_arch_pfn = 0x400000000
2024-03-04T00:42:40.600280+00:00 controlnode kernel: [    0.001370] MTRRs disabled by BIOS
2024-03-04T00:42:40.600280+00:00 controlnode kernel: [    0.001372] x86/PAT: Configuration [0-7]: WB  WC  UC- UC  WB  WP  UC- WT  
2024-03-04T00:42:40.600281+00:00 controlnode kernel: [    0.001380] last_pfn = 0xdfff0 max_arch_pfn = 0x400000000
2024-03-04T00:42:40.600282+00:00 controlnode kernel: [    0.001421] found SMP MP-table at [mem 0x0009fff0-0x0009ffff]
2024-03-04T00:42:40.600282+00:00 controlnode kernel: [    0.001434] Incomplete global flushes, disabling PCID
2024-03-04T00:42:40.600282+00:00 controlnode kernel: [    0.001555] RAMDISK: [mem 0x2fd77000-0x33eb2fff]
2024-03-04T00:42:40.600282+00:00 controlnode kernel: [    0.001560] ACPI: Early table checksum verification disabled
2024-03-04T00:42:40.600282+00:00 controlnode kernel: [    0.001563] ACPI: RSDP 0x00000000000E0000 000024 (v02 VBOX  )
2024-03-04T00:42:40.600283+00:00 controlnode kernel: [    0.001566] ACPI: XSDT 0x00000000DFFF0030 00003C (v01 VBOX   VBOXXSDT 00000001 ASL  00000061)
2024-03-04T00:42:40.600284+00:00 controlnode kernel: [    0.001571] ACPI: FACP 0x00000000DFFF00F0 0000F4 (v04 VBOX   VBOXFACP 00000001 ASL  00000061)
2024-03-04T00:42:40.600284+00:00 controlnode kernel: [    0.001575] ACPI: DSDT 0x00000000DFFF0620 002353 (v02 VBOX   VBOXBIOS 00000002 INTL 20100528)
2024-03-04T00:42:40.600284+00:00 controlnode kernel: [    0.001578] ACPI: FACS 0x00000000DFFF0200 000040
2024-03-04T00:42:40.600284+00:00 controlnode kernel: [    0.001580] ACPI: FACS 0x00000000DFFF0200 000040
2024-03-04T00:42:40.600284+00:00 controlnode kernel: [    0.001582] ACPI: APIC 0x00000000DFFF0240 00006C (v02 VBOX   VBOXAPIC 00000001 ASL  00000061)
2024-03-04T00:42:40.600285+00:00 controlnode kernel: [    0.001584] ACPI: SSDT 0x00000000DFFF02B0 00036C (v01 VBOX   VBOXCPUT 00000002 INTL 20100528)
2024-03-04T00:42:40.600285+00:00 controlnode kernel: [    0.001586] ACPI: Reserving FACP table memory at [mem 0xdfff00f0-0xdfff01e3]
2024-03-04T00:42:40.600286+00:00 controlnode kernel: [    0.001587] ACPI: Reserving DSDT table memory at [mem 0xdfff0620-0xdfff2972]
2024-03-04T00:42:40.600286+00:00 controlnode kernel: [    0.001588] ACPI: Reserving FACS table memory at [mem 0xdfff0200-0xdfff023f]
2024-03-04T00:42:40.600286+00:00 controlnode kernel: [    0.001588] ACPI: Reserving FACS table memory at [mem 0xdfff0200-0xdfff023f]
2024-03-04T00:42:40.600287+00:00 controlnode kernel: [    0.001589] ACPI: Reserving APIC table memory at [mem 0xdfff0240-0xdfff02ab]
2024-03-04T00:42:40.600288+00:00 controlnode kernel: [    0.001589] ACPI: Reserving SSDT table memory at [mem 0xdfff02b0-0xdfff061b]
2024-03-04T00:42:40.600288+00:00 controlnode kernel: [    0.002155] No NUMA configuration found
2024-03-04T00:42:40.600289+00:00 controlnode kernel: [    0.002155] Faking a node at [mem 0x0000000000000000-0x000000011fffffff]
2024-03-04T00:42:40.600289+00:00 controlnode kernel: [    0.002160] NODE_DATA(0) allocated [mem 0x11ffd1000-0x11fffbfff]
2024-03-04T00:42:40.600289+00:00 controlnode kernel: [    0.002282] Zone ranges:
2024-03-04T00:42:40.600289+00:00 controlnode kernel: [    0.002283]   DMA      [mem 0x0000000000001000-0x0000000000ffffff]
2024-03-04T00:42:40.600290+00:00 controlnode kernel: [    0.002284]   DMA32    [mem 0x0000000001000000-0x00000000ffffffff]
2024-03-04T00:42:40.600290+00:00 controlnode kernel: [    0.002286]   Normal   [mem 0x0000000100000000-0x000000011fffffff]
2024-03-04T00:42:40.600291+00:00 controlnode kernel: [    0.002287]   Device   empty
2024-03-04T00:42:40.600291+00:00 controlnode kernel: [    0.002287] Movable zone start for each node
2024-03-04T00:42:40.600291+00:00 controlnode kernel: [    0.002288] Early memory node ranges
2024-03-04T00:42:40.600291+00:00 controlnode kernel: [    0.002288]   node   0: [mem 0x0000000000001000-0x000000000009efff]
2024-03-04T00:42:40.600292+00:00 controlnode kernel: [    0.002290]   node   0: [mem 0x0000000000100000-0x00000000dffeffff]
2024-03-04T00:42:40.600292+00:00 controlnode kernel: [    0.002290]   node   0: [mem 0x0000000100000000-0x000000011fffffff]
2024-03-04T00:42:40.600292+00:00 controlnode kernel: [    0.002291] Initmem setup node 0 [mem 0x0000000000001000-0x000000011fffffff]
2024-03-04T00:42:40.600293+00:00 controlnode kernel: [    0.002294] On node 0, zone DMA: 1 pages in unavailable ranges
2024-03-04T00:42:40.600293+00:00 controlnode kernel: [    0.002317] On node 0, zone DMA: 97 pages in unavailable ranges
2024-03-04T00:42:40.600293+00:00 controlnode kernel: [    0.007603] On node 0, zone Normal: 16 pages in unavailable ranges
2024-03-04T00:42:40.600294+00:00 controlnode kernel: [    0.008707] ACPI: PM-Timer IO Port: 0x4008
2024-03-04T00:42:40.600294+00:00 controlnode kernel: [    0.008880] IOAPIC[0]: apic_id 4, version 32, address 0xfec00000, GSI 0-23
2024-03-04T00:42:40.600294+00:00 controlnode kernel: [    0.008884] ACPI: INT_SRC_OVR (bus 0 bus_irq 0 global_irq 2 dfl dfl)
2024-03-04T00:42:40.600295+00:00 controlnode kernel: [    0.008885] ACPI: INT_SRC_OVR (bus 0 bus_irq 9 global_irq 9 low level)
2024-03-04T00:42:40.600295+00:00 controlnode kernel: [    0.008889] ACPI: Using ACPI (MADT) for SMP configuration information
2024-03-04T00:42:40.600295+00:00 controlnode kernel: [    0.008907] smpboot: Allowing 4 CPUs, 0 hotplug CPUs
2024-03-04T00:42:40.600296+00:00 controlnode kernel: [    0.008991] PM: hibernation: Registered nosave memory: [mem 0x00000000-0x00000fff]
2024-03-04T00:42:40.600296+00:00 controlnode kernel: [    0.008993] PM: hibernation: Registered nosave memory: [mem 0x0009f000-0x0009ffff]
2024-03-04T00:42:40.600296+00:00 controlnode kernel: [    0.008993] PM: hibernation: Registered nosave memory: [mem 0x000a0000-0x000effff]
2024-03-04T00:42:40.600297+00:00 controlnode kernel: [    0.008994] PM: hibernation: Registered nosave memory: [mem 0x000f0000-0x000fffff]
2024-03-04T00:42:40.600297+00:00 controlnode kernel: [    0.008994] PM: hibernation: Registered nosave memory: [mem 0xdfff0000-0xdfffffff]
2024-03-04T00:42:40.600297+00:00 controlnode kernel: [    0.008995] PM: hibernation: Registered nosave memory: [mem 0xe0000000-0xfebfffff]
2024-03-04T00:42:40.600297+00:00 controlnode kernel: [    0.008995] PM: hibernation: Registered nosave memory: [mem 0xfec00000-0xfec00fff]
2024-03-04T00:42:40.600298+00:00 controlnode kernel: [    0.008996] PM: hibernation: Registered nosave memory: [mem 0xfec01000-0xfedfffff]
2024-03-04T00:42:40.600298+00:00 controlnode kernel: [    0.008996] PM: hibernation: Registered nosave memory: [mem 0xfee00000-0xfee00fff]
2024-03-04T00:42:40.600298+00:00 controlnode kernel: [    0.008997] PM: hibernation: Registered nosave memory: [mem 0xfee01000-0xfffbffff]
2024-03-04T00:42:40.600299+00:00 controlnode kernel: [    0.008997] PM: hibernation: Registered nosave memory: [mem 0xfffc0000-0xffffffff]
2024-03-04T00:42:40.600299+00:00 controlnode kernel: [    0.008998] [mem 0xe0000000-0xfebfffff] available for PCI devices
2024-03-04T00:42:40.600299+00:00 controlnode kernel: [    0.008999] Booting paravirtualized kernel on KVM
2024-03-04T00:42:40.600300+00:00 controlnode kernel: [    0.009000] clocksource: refined-jiffies: mask: 0xffffffff max_cycles: 0xffffffff, max_idle_ns: 7645519600211568 ns
2024-03-04T00:42:40.600300+00:00 controlnode kernel: [    0.009005] setup_percpu: NR_CPUS:8192 nr_cpumask_bits:4 nr_cpu_ids:4 nr_node_ids:1
2024-03-04T00:42:40.600300+00:00 controlnode kernel: [    0.009231] percpu: Embedded 62 pages/cpu s217088 r8192 d28672 u524288
2024-03-04T00:42:40.600301+00:00 controlnode kernel: [    0.009235] pcpu-alloc: s217088 r8192 d28672 u524288 alloc=1*2097152
2024-03-04T00:42:40.600301+00:00 controlnode kernel: [    0.009236] pcpu-alloc: [0] 0 1 2 3 
2024-03-04T00:42:40.600301+00:00 controlnode kernel: [    0.009305] kvm-guest: PV spinlocks enabled
2024-03-04T00:42:40.600301+00:00 controlnode kernel: [    0.009307] PV qspinlock hash table entries: 256 (order: 0, 4096 bytes, linear)
2024-03-04T00:42:40.600302+00:00 controlnode kernel: [    0.009314] Fallback order for Node 0: 0 
2024-03-04T00:42:40.600302+00:00 controlnode kernel: [    0.009316] Built 1 zonelists, mobility grouping on.  Total pages: 1031920
2024-03-04T00:42:40.600303+00:00 controlnode kernel: [    0.009332] Policy zone: Normal
2024-03-04T00:42:40.600303+00:00 controlnode kernel: [    0.009332] Kernel command line: BOOT_IMAGE=/boot/vmlinuz-6.2.0-39-generic root=UUID=f672794d-85de-41af-8fb4-d8951d91b283 ro quiet splash
2024-03-04T00:42:40.600303+00:00 controlnode kernel: [    0.009372] Unknown kernel command line parameters "splash BOOT_IMAGE=/boot/vmlinuz-6.2.0-39-generic", will be passed to user space.
2024-03-04T00:42:40.600303+00:00 controlnode kernel: [    0.009391] random: crng init done
2024-03-04T00:42:40.600303+00:00 controlnode kernel: [    0.009873] Dentry cache hash table entries: 524288 (order: 10, 4194304 bytes, linear)
2024-03-04T00:42:40.600304+00:00 controlnode kernel: [    0.010070] Inode-cache hash table entries: 262144 (order: 9, 2097152 bytes, linear)
2024-03-04T00:42:40.600305+00:00 controlnode kernel: [    0.010131] mem auto-init: stack:all(zero), heap alloc:on, heap free:off
2024-03-04T00:42:40.600305+00:00 controlnode kernel: [    0.010136] software IO TLB: area num 4.
2024-03-04T00:42:40.600305+00:00 controlnode kernel: [    0.027875] Memory: 3925404K/4193848K available (20480K kernel code, 4157K rwdata, 13012K rodata, 4764K init, 17536K bss, 268184K reserved, 0K cma-reserved)
2024-03-04T00:42:40.600305+00:00 controlnode kernel: [    0.027955] SLUB: HWalign=64, Order=0-3, MinObjects=0, CPUs=4, Nodes=1
2024-03-04T00:42:40.600305+00:00 controlnode kernel: [    0.027976] ftrace: allocating 53254 entries in 209 pages
2024-03-04T00:42:40.600347+00:00 controlnode kernel: [    0.035055] ftrace: allocated 209 pages with 4 groups
2024-03-04T00:42:40.600347+00:00 controlnode kernel: [    0.035774] Dynamic Preempt: voluntary
2024-03-04T00:42:40.600349+00:00 controlnode kernel: [    0.035795] rcu: Preemptible hierarchical RCU implementation.
2024-03-04T00:42:40.600349+00:00 controlnode kernel: [    0.035796] rcu: 	RCU restricting CPUs from NR_CPUS=8192 to nr_cpu_ids=4.
2024-03-04T00:42:40.600349+00:00 controlnode kernel: [    0.035797] 	Trampoline variant of Tasks RCU enabled.
2024-03-04T00:42:40.600350+00:00 controlnode kernel: [    0.035797] 	Rude variant of Tasks RCU enabled.
2024-03-04T00:42:40.600350+00:00 controlnode kernel: [    0.035797] 	Tracing variant of Tasks RCU enabled.
2024-03-04T00:42:40.600350+00:00 controlnode kernel: [    0.035798] rcu: RCU calculated value of scheduler-enlistment delay is 25 jiffies.
2024-03-04T00:42:40.600351+00:00 controlnode kernel: [    0.035798] rcu: Adjusting geometry for rcu_fanout_leaf=16, nr_cpu_ids=4
2024-03-04T00:42:40.600351+00:00 controlnode kernel: [    0.037401] NR_IRQS: 524544, nr_irqs: 456, preallocated irqs: 16
2024-03-04T00:42:40.600351+00:00 controlnode kernel: [    0.037628] rcu: srcu_init: Setting srcu_struct sizes based on contention.
2024-03-04T00:42:40.600352+00:00 controlnode kernel: [    0.062896] Console: colour VGA+ 80x25
2024-03-04T00:42:40.600352+00:00 controlnode kernel: [    0.062901] printk: console [tty0] enabled
2024-03-04T00:42:40.600352+00:00 controlnode kernel: [    0.062929] ACPI: Core revision 20221020
2024-03-04T00:42:40.600353+00:00 controlnode kernel: [    0.063832] APIC: Switch to symmetric I/O mode setup
2024-03-04T00:42:40.600353+00:00 controlnode kernel: [    0.073115] ..TIMER: vector=0x30 apic1=0 pin1=2 apic2=-1 pin2=-1
2024-03-04T00:42:40.600353+00:00 controlnode kernel: [    0.073234] clocksource: tsc-early: mask: 0xffffffffffffffff max_cycles: 0x1e71768ef8b, max_idle_ns: 440795218977 ns
2024-03-04T00:42:40.600354+00:00 controlnode kernel: [    0.073242] Calibrating delay loop (skipped) preset value.. 4223.99 BogoMIPS (lpj=8447992)
2024-03-04T00:42:40.600354+00:00 controlnode kernel: [    0.074224] Last level iTLB entries: 4KB 0, 2MB 0, 4MB 0
2024-03-04T00:42:40.600354+00:00 controlnode kernel: [    0.074225] Last level dTLB entries: 4KB 0, 2MB 0, 4MB 0, 1GB 0
2024-03-04T00:42:40.600354+00:00 controlnode kernel: [    0.074228] Spectre V1 : Mitigation: usercopy/swapgs barriers and __user pointer sanitization
2024-03-04T00:42:40.600355+00:00 controlnode kernel: [    0.074230] Spectre V2 : Mitigation: Enhanced IBRS
2024-03-04T00:42:40.600355+00:00 controlnode kernel: [    0.074230] Spectre V2 : Spectre v2 / SpectreRSB mitigation: Filling RSB on context switch
2024-03-04T00:42:40.600356+00:00 controlnode kernel: [    0.074231] Spectre V2 : Spectre v2 / PBRSB-eIBRS: Retire a single CALL on VMEXIT
2024-03-04T00:42:40.600356+00:00 controlnode kernel: [    0.074231] RETBleed: Mitigation: Enhanced IBRS
2024-03-04T00:42:40.600356+00:00 controlnode kernel: [    0.074232] Speculative Store Bypass: Vulnerable
2024-03-04T00:42:40.600356+00:00 controlnode kernel: [    0.074234] x86/fpu: x87 FPU will use FXSAVE
2024-03-04T00:42:40.600357+00:00 controlnode kernel: [    0.095745] Freeing SMP alternatives memory: 44K
2024-03-04T00:42:40.600357+00:00 controlnode kernel: [    0.095750] pid_max: default: 32768 minimum: 301
2024-03-04T00:42:40.600358+00:00 controlnode kernel: [    0.095774] LSM: initializing lsm=lockdown,capability,landlock,yama,integrity,apparmor
2024-03-04T00:42:40.600358+00:00 controlnode kernel: [    0.095781] landlock: Up and running.
2024-03-04T00:42:40.600358+00:00 controlnode kernel: [    0.095781] Yama: becoming mindful.
2024-03-04T00:42:40.600358+00:00 controlnode kernel: [    0.095798] AppArmor: AppArmor initialized
2024-03-04T00:42:40.600359+00:00 controlnode kernel: [    0.095820] Mount-cache hash table entries: 8192 (order: 4, 65536 bytes, linear)
2024-03-04T00:42:40.600359+00:00 controlnode kernel: [    0.095827] Mountpoint-cache hash table entries: 8192 (order: 4, 65536 bytes, linear)
2024-03-04T00:42:40.600360+00:00 controlnode kernel: [    0.200267] APIC calibration not consistent with PM-Timer: 96ms instead of 100ms
2024-03-04T00:42:40.600360+00:00 controlnode kernel: [    0.200271] APIC delta adjusted to PM-Timer: 6250020 (6060820)
2024-03-04T00:42:40.600360+00:00 controlnode kernel: [    0.200457] smpboot: CPU0: 12th Gen Intel(R) Core(TM) i7-12700 (family: 0x6, model: 0x97, stepping: 0x2)
2024-03-04T00:42:40.600360+00:00 controlnode kernel: [    0.200581] cblist_init_generic: Setting adjustable number of callback queues.
2024-03-04T00:42:40.600360+00:00 controlnode kernel: [    0.200582] cblist_init_generic: Setting shift to 2 and lim to 1.
2024-03-04T00:42:40.600422+00:00 controlnode kernel: [    0.200592] cblist_init_generic: Setting adjustable number of callback queues.
2024-03-04T00:42:40.600425+00:00 controlnode kernel: [    0.200592] cblist_init_generic: Setting shift to 2 and lim to 1.
2024-03-04T00:42:40.600426+00:00 controlnode kernel: [    0.200600] cblist_init_generic: Setting adjustable number of callback queues.
2024-03-04T00:42:40.600426+00:00 controlnode kernel: [    0.200600] cblist_init_generic: Setting shift to 2 and lim to 1.
2024-03-04T00:42:40.600426+00:00 controlnode kernel: [    0.200607] Performance Events: unsupported p6 CPU model 151 no PMU driver, software events only.
2024-03-04T00:42:40.600427+00:00 controlnode kernel: [    0.200618] signal: max sigframe size: 1440
2024-03-04T00:42:40.600428+00:00 controlnode kernel: [    0.200632] rcu: Hierarchical SRCU implementation.
2024-03-04T00:42:40.600428+00:00 controlnode kernel: [    0.200633] rcu: 	Max phase no-delay instances is 1000.
2024-03-04T00:42:40.600429+00:00 controlnode kernel: [    0.200811] NMI watchdog: Perf NMI watchdog permanently disabled
2024-03-04T00:42:40.600429+00:00 controlnode kernel: [    0.200854] smp: Bringing up secondary CPUs ...
2024-03-04T00:42:40.600429+00:00 controlnode kernel: [    0.200915] x86: Booting SMP configuration:
2024-03-04T00:42:40.600429+00:00 controlnode kernel: [    0.200915] .... node  #0, CPUs:      #1
2024-03-04T00:42:40.600430+00:00 controlnode kernel: [    0.201238] TSC synchronization [CPU#0 -> CPU#1]:
2024-03-04T00:42:40.600430+00:00 controlnode kernel: [    0.201238] Measured 114519 cycles TSC warp between CPUs, turning off TSC clock.
2024-03-04T00:42:40.600431+00:00 controlnode kernel: [    0.201238] tsc: Marking TSC unstable due to check_tsc_sync_source failed
2024-03-04T00:42:40.600431+00:00 controlnode kernel: [    0.201345]  #2 #3
2024-03-04T00:42:40.600431+00:00 controlnode kernel: [    0.205945] smp: Brought up 1 node, 4 CPUs
2024-03-04T00:42:40.600431+00:00 controlnode kernel: [    0.205945] smpboot: Max logical packages: 1
2024-03-04T00:42:40.600431+00:00 controlnode kernel: [    0.205945] smpboot: Total of 4 processors activated (16895.98 BogoMIPS)
2024-03-04T00:42:40.600432+00:00 controlnode kernel: [    0.209238] devtmpfs: initialized
2024-03-04T00:42:40.600433+00:00 controlnode kernel: [    0.209238] x86/mm: Memory block size: 128MB
2024-03-04T00:42:40.600433+00:00 controlnode kernel: [    0.209329] clocksource: jiffies: mask: 0xffffffff max_cycles: 0xffffffff, max_idle_ns: 7645041785100000 ns
2024-03-04T00:42:40.600433+00:00 controlnode kernel: [    0.209337] futex hash table entries: 1024 (order: 4, 65536 bytes, linear)
2024-03-04T00:42:40.600433+00:00 controlnode kernel: [    0.209367] pinctrl core: initialized pinctrl subsystem
2024-03-04T00:42:40.600433+00:00 controlnode kernel: [    0.209572] PM: RTC time: 00:42:32, date: 2024-03-04
2024-03-04T00:42:40.600434+00:00 controlnode kernel: [    0.210347] NET: Registered PF_NETLINK/PF_ROUTE protocol family
2024-03-04T00:42:40.600435+00:00 controlnode kernel: [    0.210459] DMA: preallocated 512 KiB GFP_KERNEL pool for atomic allocations
2024-03-04T00:42:40.600435+00:00 controlnode kernel: [    0.210501] DMA: preallocated 512 KiB GFP_KERNEL|GFP_DMA pool for atomic allocations
2024-03-04T00:42:40.600435+00:00 controlnode kernel: [    0.210538] DMA: preallocated 512 KiB GFP_KERNEL|GFP_DMA32 pool for atomic allocations
2024-03-04T00:42:40.600435+00:00 controlnode kernel: [    0.210543] audit: initializing netlink subsys (disabled)
2024-03-04T00:42:40.600435+00:00 controlnode kernel: [    0.210616] audit: type=2000 audit(1709514035.425:1): state=initialized audit_enabled=0 res=1
2024-03-04T00:42:40.600436+00:00 controlnode kernel: [    0.210616] thermal_sys: Registered thermal governor 'fair_share'
2024-03-04T00:42:40.600437+00:00 controlnode kernel: [    0.210616] thermal_sys: Registered thermal governor 'bang_bang'
2024-03-04T00:42:40.600437+00:00 controlnode kernel: [    0.210616] thermal_sys: Registered thermal governor 'step_wise'
2024-03-04T00:42:40.600437+00:00 controlnode kernel: [    0.210616] thermal_sys: Registered thermal governor 'user_space'
2024-03-04T00:42:40.600437+00:00 controlnode kernel: [    0.210616] thermal_sys: Registered thermal governor 'power_allocator'
2024-03-04T00:42:40.600438+00:00 controlnode kernel: [    0.210616] EISA bus registered
2024-03-04T00:42:40.600438+00:00 controlnode kernel: [    0.210616] cpuidle: using governor ladder
2024-03-04T00:42:40.600439+00:00 controlnode kernel: [    0.210616] cpuidle: using governor menu
2024-03-04T00:42:40.600439+00:00 controlnode kernel: [    0.210616] acpiphp: ACPI Hot Plug PCI Controller Driver version: 0.5
2024-03-04T00:42:40.600439+00:00 controlnode kernel: [    0.210616] PCI: Using configuration type 1 for base access
2024-03-04T00:42:40.600439+00:00 controlnode kernel: [    0.210616] kprobes: kprobe jump-optimization is enabled. All kprobes are optimized if possible.
2024-03-04T00:42:40.600439+00:00 controlnode kernel: [    0.226767] HugeTLB: registered 2.00 MiB page size, pre-allocated 0 pages
2024-03-04T00:42:40.600440+00:00 controlnode kernel: [    0.226767] HugeTLB: 28 KiB vmemmap can be freed for a 2.00 MiB page
2024-03-04T00:42:40.600440+00:00 controlnode kernel: [    0.226767] ACPI: Added _OSI(Module Device)
2024-03-04T00:42:40.600441+00:00 controlnode kernel: [    0.226767] ACPI: Added _OSI(Processor Device)
2024-03-04T00:42:40.600441+00:00 controlnode kernel: [    0.226767] ACPI: Added _OSI(3.0 _SCP Extensions)
2024-03-04T00:42:40.600441+00:00 controlnode kernel: [    0.226767] ACPI: Added _OSI(Processor Aggregator Device)
2024-03-04T00:42:40.600441+00:00 controlnode kernel: [    0.230603] ACPI: 2 ACPI AML tables successfully acquired and loaded
2024-03-04T00:42:40.600441+00:00 controlnode kernel: [    0.232037] ACPI: Interpreter enabled
2024-03-04T00:42:40.600442+00:00 controlnode kernel: [    0.232043] ACPI: PM: (supports S0 S5)
2024-03-04T00:42:40.600443+00:00 controlnode kernel: [    0.232045] ACPI: Using IOAPIC for interrupt routing
2024-03-04T00:42:40.600443+00:00 controlnode kernel: [    0.232297] PCI: Using host bridge windows from ACPI; if necessary, use "pci=nocrs" and report a bug
2024-03-04T00:42:40.600443+00:00 controlnode kernel: [    0.232298] PCI: Using E820 reservations for host bridge windows
2024-03-04T00:42:40.600443+00:00 controlnode kernel: [    0.232381] ACPI: Enabled 2 GPEs in block 00 to 07
2024-03-04T00:42:40.600443+00:00 controlnode kernel: [    0.235796] ACPI: PCI Root Bridge [PCI0] (domain 0000 [bus 00-ff])
2024-03-04T00:42:40.600444+00:00 controlnode kernel: [    0.235801] acpi PNP0A03:00: _OSC: OS supports [ASPM ClockPM Segments MSI EDR HPX-Type3]
2024-03-04T00:42:40.600451+00:00 controlnode kernel: [    0.235803] acpi PNP0A03:00: _OSC: not requesting OS control; OS requires [ExtendedConfig ASPM ClockPM MSI]
2024-03-04T00:42:40.600451+00:00 controlnode kernel: [    0.236213] acpi PNP0A03:00: fail to add MMCONFIG information, can't access extended configuration space under this bridge
2024-03-04T00:42:40.600451+00:00 controlnode kernel: [    0.236539] PCI host bridge to bus 0000:00
2024-03-04T00:42:40.600451+00:00 controlnode kernel: [    0.236540] pci_bus 0000:00: root bus resource [io  0x0000-0x0cf7 window]
2024-03-04T00:42:40.600451+00:00 controlnode kernel: [    0.236542] pci_bus 0000:00: root bus resource [io  0x0d00-0xffff window]
2024-03-04T00:42:40.600452+00:00 controlnode kernel: [    0.236543] pci_bus 0000:00: root bus resource [mem 0x000a0000-0x000bffff window]
2024-03-04T00:42:40.600454+00:00 controlnode kernel: [    0.236544] pci_bus 0000:00: root bus resource [mem 0xe0000000-0xfdffffff window]
2024-03-04T00:42:40.600454+00:00 controlnode kernel: [    0.236545] pci_bus 0000:00: root bus resource [bus 00-ff]
2024-03-04T00:42:40.600454+00:00 controlnode kernel: [    0.236739] pci 0000:00:00.0: [8086:1237] type 00 class 0x060000
2024-03-04T00:42:40.600454+00:00 controlnode kernel: [    0.237238] pci 0000:00:01.0: [8086:7000] type 00 class 0x060100
2024-03-04T00:42:40.600454+00:00 controlnode kernel: [    0.237238] pci 0000:00:01.1: [8086:7111] type 00 class 0x01018a
2024-03-04T00:42:40.600455+00:00 controlnode kernel: [    0.237645] pci 0000:00:01.1: reg 0x20: [io  0xd000-0xd00f]
2024-03-04T00:42:40.600456+00:00 controlnode kernel: [    0.237885] pci 0000:00:01.1: legacy IDE quirk: reg 0x10: [io  0x01f0-0x01f7]
2024-03-04T00:42:40.600457+00:00 controlnode kernel: [    0.237886] pci 0000:00:01.1: legacy IDE quirk: reg 0x14: [io  0x03f6]
2024-03-04T00:42:40.600457+00:00 controlnode kernel: [    0.237887] pci 0000:00:01.1: legacy IDE quirk: reg 0x18: [io  0x0170-0x0177]
2024-03-04T00:42:40.600457+00:00 controlnode kernel: [    0.237887] pci 0000:00:01.1: legacy IDE quirk: reg 0x1c: [io  0x0376]
2024-03-04T00:42:40.600457+00:00 controlnode kernel: [    0.238176] pci 0000:00:02.0: [15ad:0405] type 00 class 0x030000
2024-03-04T00:42:40.600500+00:00 controlnode kernel: [    0.238868] pci 0000:00:02.0: reg 0x10: [io  0xd010-0xd01f]
2024-03-04T00:42:40.600501+00:00 controlnode kernel: [    0.239431] pci 0000:00:02.0: reg 0x14: [mem 0xe0000000-0xe0ffffff pref]
2024-03-04T00:42:40.600503+00:00 controlnode kernel: [    0.240039] pci 0000:00:02.0: reg 0x18: [mem 0xf0000000-0xf01fffff]
2024-03-04T00:42:40.600503+00:00 controlnode kernel: [    0.241238] pci 0000:00:02.0: Video device with shadowed ROM at [mem 0x000c0000-0x000dffff]
2024-03-04T00:42:40.600503+00:00 controlnode kernel: [    0.241238] pci 0000:00:03.0: [8086:100e] type 00 class 0x020000
2024-03-04T00:42:40.600503+00:00 controlnode kernel: [    0.241330] pci 0000:00:03.0: reg 0x10: [mem 0xf0200000-0xf021ffff]
2024-03-04T00:42:40.600504+00:00 controlnode kernel: [    0.241576] pci 0000:00:03.0: reg 0x18: [io  0xd020-0xd027]
2024-03-04T00:42:40.600504+00:00 controlnode kernel: [    0.242651] pci 0000:00:04.0: [80ee:cafe] type 00 class 0x088000
2024-03-04T00:42:40.600506+00:00 controlnode kernel: [    0.243096] pci 0000:00:04.0: reg 0x10: [io  0xd040-0xd05f]
2024-03-04T00:42:40.600506+00:00 controlnode kernel: [    0.243408] pci 0000:00:04.0: reg 0x14: [mem 0xf0400000-0xf07fffff]
2024-03-04T00:42:40.600506+00:00 controlnode kernel: [    0.243732] pci 0000:00:04.0: reg 0x18: [mem 0xf0800000-0xf0803fff pref]
2024-03-04T00:42:40.600506+00:00 controlnode kernel: [    0.245153] pci 0000:00:05.0: [8086:2415] type 00 class 0x040100
2024-03-04T00:42:40.600506+00:00 controlnode kernel: [    0.245238] pci 0000:00:05.0: reg 0x10: [io  0xd100-0xd1ff]
2024-03-04T00:42:40.600507+00:00 controlnode kernel: [    0.245238] pci 0000:00:05.0: reg 0x14: [io  0xd200-0xd23f]
2024-03-04T00:42:40.600508+00:00 controlnode kernel: [    0.245238] pci 0000:00:06.0: [106b:003f] type 00 class 0x0c0310
2024-03-04T00:42:40.600509+00:00 controlnode kernel: [    0.245238] pci 0000:00:06.0: reg 0x10: [mem 0xf0804000-0xf0804fff]
2024-03-04T00:42:40.600509+00:00 controlnode kernel: [    0.245238] pci 0000:00:07.0: [8086:7113] type 00 class 0x068000
2024-03-04T00:42:40.600509+00:00 controlnode kernel: [    0.245809] pci 0000:00:07.0: quirk: [io  0x4000-0x403f] claimed by PIIX4 ACPI
2024-03-04T00:42:40.600509+00:00 controlnode kernel: [    0.245826] pci 0000:00:07.0: quirk: [io  0x4100-0x410f] claimed by PIIX4 SMB
2024-03-04T00:42:40.600509+00:00 controlnode kernel: [    0.246322] pci 0000:00:08.0: [8086:100e] type 00 class 0x020000
2024-03-04T00:42:40.600510+00:00 controlnode kernel: [    0.246538] pci 0000:00:08.0: reg 0x10: [mem 0xf0820000-0xf083ffff]
2024-03-04T00:42:40.600511+00:00 controlnode kernel: [    0.246800] pci 0000:00:08.0: reg 0x18: [io  0xd240-0xd247]
2024-03-04T00:42:40.600512+00:00 controlnode kernel: [    0.251385] pci 0000:00:0b.0: [8086:265c] type 00 class 0x0c0320
2024-03-04T00:42:40.600512+00:00 controlnode kernel: [    0.251601] pci 0000:00:0b.0: reg 0x10: [mem 0xf0840000-0xf0840fff]
2024-03-04T00:42:40.600512+00:00 controlnode kernel: [    0.253238] pci 0000:00:0d.0: [8086:2829] type 00 class 0x010601
2024-03-04T00:42:40.600512+00:00 controlnode kernel: [    0.253238] pci 0000:00:0d.0: reg 0x10: [io  0xd248-0xd24f]
2024-03-04T00:42:40.600512+00:00 controlnode kernel: [    0.253326] pci 0000:00:0d.0: reg 0x14: [io  0xd250-0xd253]
2024-03-04T00:42:40.600514+00:00 controlnode kernel: [    0.253457] pci 0000:00:0d.0: reg 0x18: [io  0xd258-0xd25f]
2024-03-04T00:42:40.600514+00:00 controlnode kernel: [    0.253583] pci 0000:00:0d.0: reg 0x1c: [io  0xd260-0xd263]
2024-03-04T00:42:40.600514+00:00 controlnode kernel: [    0.253702] pci 0000:00:0d.0: reg 0x20: [io  0xd270-0xd27f]
2024-03-04T00:42:40.600515+00:00 controlnode kernel: [    0.253819] pci 0000:00:0d.0: reg 0x24: [mem 0xf0842000-0xf0843fff]
2024-03-04T00:42:40.600515+00:00 controlnode kernel: [    0.299268] ACPI: PCI: Interrupt link LNKA configured for IRQ 11
2024-03-04T00:42:40.600515+00:00 controlnode kernel: [    0.299532] ACPI: PCI: Interrupt link LNKB configured for IRQ 10
2024-03-04T00:42:40.600516+00:00 controlnode kernel: [    0.299624] ACPI: PCI: Interrupt link LNKC configured for IRQ 9
2024-03-04T00:42:40.600517+00:00 controlnode kernel: [    0.299730] ACPI: PCI: Interrupt link LNKD configured for IRQ 11
2024-03-04T00:42:40.600517+00:00 controlnode kernel: [    0.299904] iommu: Default domain type: Translated 
2024-03-04T00:42:40.600517+00:00 controlnode kernel: [    0.299904] iommu: DMA domain TLB invalidation policy: lazy mode 
2024-03-04T00:42:40.600518+00:00 controlnode kernel: [    0.299904] SCSI subsystem initialized
2024-03-04T00:42:40.600518+00:00 controlnode kernel: [    0.299904] libata version 3.00 loaded.
2024-03-04T00:42:40.600518+00:00 controlnode kernel: [    0.299904] ACPI: bus type USB registered
2024-03-04T00:42:40.600520+00:00 controlnode kernel: [    0.299904] usbcore: registered new interface driver usbfs
2024-03-04T00:42:40.600520+00:00 controlnode kernel: [    0.299904] usbcore: registered new interface driver hub
2024-03-04T00:42:40.600520+00:00 controlnode kernel: [    0.299904] usbcore: registered new device driver usb
2024-03-04T00:42:40.600520+00:00 controlnode kernel: [    0.299904] pps_core: LinuxPPS API ver. 1 registered
2024-03-04T00:42:40.600520+00:00 controlnode kernel: [    0.299904] pps_core: Software ver. 5.3.6 - Copyright 2005-2007 Rodolfo Giometti <giometti@linux.it>
2024-03-04T00:42:40.600521+00:00 controlnode kernel: [    0.299904] PTP clock support registered
2024-03-04T00:42:40.600522+00:00 controlnode kernel: [    0.299904] EDAC MC: Ver: 3.0.0
2024-03-04T00:42:40.600523+00:00 controlnode kernel: [    0.301755] NetLabel: Initializing
2024-03-04T00:42:40.600523+00:00 controlnode kernel: [    0.301756] NetLabel:  domain hash size = 128
2024-03-04T00:42:40.600523+00:00 controlnode kernel: [    0.301757] NetLabel:  protocols = UNLABELED CIPSOv4 CALIPSO
2024-03-04T00:42:40.600523+00:00 controlnode kernel: [    0.301770] NetLabel:  unlabeled traffic allowed by default
2024-03-04T00:42:40.600523+00:00 controlnode kernel: [    0.301825] mctp: management component transport protocol core
2024-03-04T00:42:40.600524+00:00 controlnode kernel: [    0.301825] NET: Registered PF_MCTP protocol family
2024-03-04T00:42:40.600525+00:00 controlnode kernel: [    0.301825] PCI: Using ACPI for IRQ routing
2024-03-04T00:42:40.600525+00:00 controlnode kernel: [    0.301825] PCI: pci_cache_line_size set to 64 bytes
2024-03-04T00:42:40.600525+00:00 controlnode kernel: [    0.301825] e820: reserve RAM buffer [mem 0x0009fc00-0x0009ffff]
2024-03-04T00:42:40.600526+00:00 controlnode kernel: [    0.301825] e820: reserve RAM buffer [mem 0xdfff0000-0xdfffffff]
2024-03-04T00:42:40.600526+00:00 controlnode kernel: [    0.301825] pci 0000:00:02.0: vgaarb: setting as boot VGA device
2024-03-04T00:42:40.600526+00:00 controlnode kernel: [    0.301825] pci 0000:00:02.0: vgaarb: bridge control possible
2024-03-04T00:42:40.600528+00:00 controlnode kernel: [    0.301825] pci 0000:00:02.0: vgaarb: VGA device added: decodes=io+mem,owns=io+mem,locks=none
2024-03-04T00:42:40.600528+00:00 controlnode kernel: [    0.301825] vgaarb: loaded
2024-03-04T00:42:40.600528+00:00 controlnode kernel: [    0.305255] clocksource: Switched to clocksource kvm-clock
2024-03-04T00:42:40.600528+00:00 controlnode kernel: [    0.312610] VFS: Disk quotas dquot_6.6.0
2024-03-04T00:42:40.600529+00:00 controlnode kernel: [    0.312618] VFS: Dquot-cache hash table entries: 512 (order 0, 4096 bytes)
2024-03-04T00:42:40.600529+00:00 controlnode kernel: [    0.312689] AppArmor: AppArmor Filesystem Enabled
2024-03-04T00:42:40.600530+00:00 controlnode kernel: [    0.312703] pnp: PnP ACPI init
2024-03-04T00:42:40.600531+00:00 controlnode kernel: [    0.313407] pnp: PnP ACPI: found 2 devices
2024-03-04T00:42:40.600531+00:00 controlnode kernel: [    0.332859] clocksource: acpi_pm: mask: 0xffffff max_cycles: 0xffffff, max_idle_ns: 2085701024 ns
2024-03-04T00:42:40.600531+00:00 controlnode kernel: [    0.332897] NET: Registered PF_INET protocol family
2024-03-04T00:42:40.600531+00:00 controlnode kernel: [    0.332965] IP idents hash table entries: 65536 (order: 7, 524288 bytes, linear)
2024-03-04T00:42:40.600531+00:00 controlnode kernel: [    0.333477] tcp_listen_portaddr_hash hash table entries: 2048 (order: 3, 32768 bytes, linear)
2024-03-04T00:42:40.600532+00:00 controlnode kernel: [    0.333503] Table-perturb hash table entries: 65536 (order: 6, 262144 bytes, linear)
2024-03-04T00:42:40.600533+00:00 controlnode kernel: [    0.333528] TCP established hash table entries: 32768 (order: 6, 262144 bytes, linear)
2024-03-04T00:42:40.600534+00:00 controlnode kernel: [    0.333640] TCP bind hash table entries: 32768 (order: 8, 1048576 bytes, linear)
2024-03-04T00:42:40.600534+00:00 controlnode kernel: [    0.333673] TCP: Hash tables configured (established 32768 bind 32768)
2024-03-04T00:42:40.600534+00:00 controlnode kernel: [    0.333725] MPTCP token hash table entries: 4096 (order: 4, 98304 bytes, linear)
2024-03-04T00:42:40.600534+00:00 controlnode kernel: [    0.333740] UDP hash table entries: 2048 (order: 4, 65536 bytes, linear)
2024-03-04T00:42:40.600534+00:00 controlnode kernel: [    0.333749] UDP-Lite hash table entries: 2048 (order: 4, 65536 bytes, linear)
2024-03-04T00:42:40.600537+00:00 controlnode kernel: [    0.333772] NET: Registered PF_UNIX/PF_LOCAL protocol family
2024-03-04T00:42:40.600537+00:00 controlnode kernel: [    0.333777] NET: Registered PF_XDP protocol family
2024-03-04T00:42:40.600537+00:00 controlnode kernel: [    0.333784] pci_bus 0000:00: resource 4 [io  0x0000-0x0cf7 window]
2024-03-04T00:42:40.600537+00:00 controlnode kernel: [    0.333787] pci_bus 0000:00: resource 5 [io  0x0d00-0xffff window]
2024-03-04T00:42:40.600537+00:00 controlnode kernel: [    0.333788] pci_bus 0000:00: resource 6 [mem 0x000a0000-0x000bffff window]
2024-03-04T00:42:40.600538+00:00 controlnode kernel: [    0.333789] pci_bus 0000:00: resource 7 [mem 0xe0000000-0xfdffffff window]
2024-03-04T00:42:40.600538+00:00 controlnode kernel: [    0.333826] pci 0000:00:00.0: Limiting direct PCI/PCI transfers
2024-03-04T00:42:40.600540+00:00 controlnode kernel: [    0.335871] PCI: CLS 0 bytes, default 64
2024-03-04T00:42:40.600540+00:00 controlnode kernel: [    0.335871] Trying to unpack rootfs image as initramfs...
2024-03-04T00:42:40.600540+00:00 controlnode kernel: [    0.516774] PCI-DMA: Using software bounce buffering for IO (SWIOTLB)
2024-03-04T00:42:40.600540+00:00 controlnode kernel: [    0.516777] software IO TLB: mapped [mem 0x00000000dbff0000-0x00000000dfff0000] (64MB)
2024-03-04T00:42:40.600540+00:00 controlnode kernel: [    0.516886] platform rtc_cmos: registered platform RTC device (no PNP device found)
2024-03-04T00:42:40.600541+00:00 controlnode kernel: [    0.521392] Initialise system trusted keyrings
2024-03-04T00:42:40.600542+00:00 controlnode kernel: [    0.521403] Key type blacklist registered
2024-03-04T00:42:40.600542+00:00 controlnode kernel: [    0.521657] workingset: timestamp_bits=36 max_order=20 bucket_order=0
2024-03-04T00:42:40.600543+00:00 controlnode kernel: [    0.521668] zbud: loaded
2024-03-04T00:42:40.600543+00:00 controlnode kernel: [    0.522011] squashfs: version 4.0 (2009/01/31) Phillip Lougher
2024-03-04T00:42:40.600543+00:00 controlnode kernel: [    0.522768] fuse: init (API version 7.38)
2024-03-04T00:42:40.600543+00:00 controlnode kernel: [    0.523010] Freeing initrd memory: 66800K
2024-03-04T00:42:40.600545+00:00 controlnode kernel: [    0.524050] integrity: Platform Keyring initialized
2024-03-04T00:42:40.600545+00:00 controlnode kernel: [    0.524052] integrity: Machine keyring initialized
2024-03-04T00:42:40.600545+00:00 controlnode kernel: [    0.527620] Key type asymmetric registered
2024-03-04T00:42:40.600546+00:00 controlnode kernel: [    0.527620] Asymmetric key parser 'x509' registered
2024-03-04T00:42:40.600546+00:00 controlnode kernel: [    0.527620] Block layer SCSI generic (bsg) driver version 0.4 loaded (major 243)
2024-03-04T00:42:40.600546+00:00 controlnode kernel: [    0.529503] io scheduler mq-deadline registered
2024-03-04T00:42:40.600546+00:00 controlnode kernel: [    0.531271] shpchp: Standard Hot Plug PCI Controller Driver version: 0.4
2024-03-04T00:42:40.600548+00:00 controlnode kernel: [    0.531409] ACPI: AC: AC Adapter [AC] (on-line)
2024-03-04T00:42:40.600548+00:00 controlnode kernel: [    0.531435] input: Power Button as /devices/LNXSYSTM:00/LNXPWRBN:00/input/input0
2024-03-04T00:42:40.600548+00:00 controlnode kernel: [    0.531928] ACPI: button: Power Button [PWRF]
2024-03-04T00:42:40.600548+00:00 controlnode kernel: [    0.531988] input: Sleep Button as /devices/LNXSYSTM:00/LNXSLPBN:00/input/input1
2024-03-04T00:42:40.600549+00:00 controlnode kernel: [    0.531997] ACPI: button: Sleep Button [SLPF]
2024-03-04T00:42:40.600549+00:00 controlnode kernel: [    0.532699] Serial: 8250/16550 driver, 32 ports, IRQ sharing enabled
2024-03-04T00:42:40.600551+00:00 controlnode kernel: [    0.539454] Linux agpgart interface v0.103
2024-03-04T00:42:40.600551+00:00 controlnode kernel: [    0.543366] loop: module loaded
2024-03-04T00:42:40.600551+00:00 controlnode kernel: [    0.543824] ata_piix 0000:00:01.1: version 2.13
2024-03-04T00:42:40.600551+00:00 controlnode kernel: [    0.545101] scsi host0: ata_piix
2024-03-04T00:42:40.600551+00:00 controlnode kernel: [    0.545643] scsi host1: ata_piix
2024-03-04T00:42:40.600551+00:00 controlnode kernel: [    0.545662] ata1: PATA max UDMA/33 cmd 0x1f0 ctl 0x3f6 bmdma 0xd000 irq 14
2024-03-04T00:42:40.600552+00:00 controlnode kernel: [    0.545664] ata2: PATA max UDMA/33 cmd 0x170 ctl 0x376 bmdma 0xd008 irq 15
2024-03-04T00:42:40.600553+00:00 controlnode kernel: [    0.545779] tun: Universal TUN/TAP device driver, 1.6
2024-03-04T00:42:40.600554+00:00 controlnode kernel: [    0.545962] PPP generic driver version 2.4.2
2024-03-04T00:42:40.600554+00:00 controlnode kernel: [    0.546705] ohci-pci 0000:00:06.0: OHCI PCI host controller
2024-03-04T00:42:40.600593+00:00 controlnode kernel: [    0.546709] ohci-pci 0000:00:06.0: new USB bus registered, assigned bus number 1
2024-03-04T00:42:40.600593+00:00 controlnode kernel: [    0.546930] ohci-pci 0000:00:06.0: irq 22, io mem 0xf0804000
2024-03-04T00:42:40.600593+00:00 controlnode kernel: [    0.606066] usb usb1: New USB device found, idVendor=1d6b, idProduct=0001, bcdDevice= 6.02
2024-03-04T00:42:40.600595+00:00 controlnode kernel: [    0.606069] usb usb1: New USB device strings: Mfr=3, Product=2, SerialNumber=1
2024-03-04T00:42:40.600595+00:00 controlnode kernel: [    0.606070] usb usb1: Product: OHCI PCI host controller
2024-03-04T00:42:40.600595+00:00 controlnode kernel: [    0.606071] usb usb1: Manufacturer: Linux 6.2.0-39-generic ohci_hcd
2024-03-04T00:42:40.600596+00:00 controlnode kernel: [    0.606072] usb usb1: SerialNumber: 0000:00:06.0
2024-03-04T00:42:40.600596+00:00 controlnode kernel: [    0.606469] hub 1-0:1.0: USB hub found
2024-03-04T00:42:40.600596+00:00 controlnode kernel: [    0.606503] hub 1-0:1.0: 12 ports detected
2024-03-04T00:42:40.600598+00:00 controlnode kernel: [    0.607124] i8042: PNP: PS/2 Controller [PNP0303:PS2K,PNP0f03:PS2M] at 0x60,0x64 irq 1,12
2024-03-04T00:42:40.600598+00:00 controlnode kernel: [    0.607129] ehci-pci 0000:00:0b.0: EHCI Host Controller
2024-03-04T00:42:40.600598+00:00 controlnode kernel: [    0.607136] ehci-pci 0000:00:0b.0: new USB bus registered, assigned bus number 2
2024-03-04T00:42:40.600598+00:00 controlnode kernel: [    0.607762] ehci-pci 0000:00:0b.0: irq 19, io mem 0xf0840000
2024-03-04T00:42:40.600599+00:00 controlnode kernel: [    0.609000] serio: i8042 KBD port at 0x60,0x64 irq 1
2024-03-04T00:42:40.600599+00:00 controlnode kernel: [    0.609006] serio: i8042 AUX port at 0x60,0x64 irq 12
2024-03-04T00:42:40.600599+00:00 controlnode kernel: [    0.609490] mousedev: PS/2 mouse device common for all mice
2024-03-04T00:42:40.600601+00:00 controlnode kernel: [    0.610524] input: AT Translated Set 2 keyboard as /devices/platform/i8042/serio0/input/input2
2024-03-04T00:42:40.600601+00:00 controlnode kernel: [    0.612193] rtc_cmos rtc_cmos: registered as rtc0
2024-03-04T00:42:40.600601+00:00 controlnode kernel: [    0.612354] rtc_cmos rtc_cmos: setting system clock to 2024-03-04T00:42:33 UTC (1709512953)
2024-03-04T00:42:40.600601+00:00 controlnode kernel: [    0.612427] rtc_cmos rtc_cmos: alarms up to one day, 114 bytes nvram
2024-03-04T00:42:40.600601+00:00 controlnode kernel: [    0.612431] i2c_dev: i2c /dev entries driver
2024-03-04T00:42:40.600602+00:00 controlnode kernel: [    0.612441] device-mapper: core: CONFIG_IMA_DISABLE_HTABLE is disabled. Duplicate IMA measurements will not be recorded in the IMA log.
2024-03-04T00:42:40.600603+00:00 controlnode kernel: [    0.612450] device-mapper: uevent: version 1.0.3
2024-03-04T00:42:40.600604+00:00 controlnode kernel: [    0.612703] device-mapper: ioctl: 4.47.0-ioctl (2022-07-28) initialised: dm-devel@redhat.com
2024-03-04T00:42:40.600604+00:00 controlnode kernel: [    0.612721] platform eisa.0: Probing EISA bus 0
2024-03-04T00:42:40.600604+00:00 controlnode kernel: [    0.612722] platform eisa.0: EISA: Cannot allocate resource for mainboard
2024-03-04T00:42:40.600604+00:00 controlnode kernel: [    0.612723] platform eisa.0: Cannot allocate resource for EISA slot 1
2024-03-04T00:42:40.600604+00:00 controlnode kernel: [    0.612724] platform eisa.0: Cannot allocate resource for EISA slot 2
2024-03-04T00:42:40.600606+00:00 controlnode kernel: [    0.612724] platform eisa.0: Cannot allocate resource for EISA slot 3
2024-03-04T00:42:40.600606+00:00 controlnode kernel: [    0.612725] platform eisa.0: Cannot allocate resource for EISA slot 4
2024-03-04T00:42:40.600606+00:00 controlnode kernel: [    0.612726] platform eisa.0: Cannot allocate resource for EISA slot 5
2024-03-04T00:42:40.600607+00:00 controlnode kernel: [    0.612726] platform eisa.0: Cannot allocate resource for EISA slot 6
2024-03-04T00:42:40.600607+00:00 controlnode kernel: [    0.612727] platform eisa.0: Cannot allocate resource for EISA slot 7
2024-03-04T00:42:40.600607+00:00 controlnode kernel: [    0.612727] platform eisa.0: Cannot allocate resource for EISA slot 8
2024-03-04T00:42:40.600607+00:00 controlnode kernel: [    0.612728] platform eisa.0: EISA: Detected 0 cards
2024-03-04T00:42:40.600609+00:00 controlnode kernel: [    0.612730] intel_pstate: CPU model not supported
2024-03-04T00:42:40.600609+00:00 controlnode kernel: [    0.613353] ledtrig-cpu: registered to indicate activity on CPUs
2024-03-04T00:42:40.600610+00:00 controlnode kernel: [    0.613398] drop_monitor: Initializing network drop monitor service
2024-03-04T00:42:40.600610+00:00 controlnode kernel: [    0.620873] NET: Registered PF_INET6 protocol family
2024-03-04T00:42:40.600610+00:00 controlnode kernel: [    0.628528] ehci-pci 0000:00:0b.0: USB 2.0 started, EHCI 1.00
2024-03-04T00:42:40.600610+00:00 controlnode kernel: [    0.628582] usb usb2: New USB device found, idVendor=1d6b, idProduct=0002, bcdDevice= 6.02
2024-03-04T00:42:40.600612+00:00 controlnode kernel: [    0.628584] usb usb2: New USB device strings: Mfr=3, Product=2, SerialNumber=1
2024-03-04T00:42:40.600612+00:00 controlnode kernel: [    0.628585] usb usb2: Product: EHCI Host Controller
2024-03-04T00:42:40.600612+00:00 controlnode kernel: [    0.628586] usb usb2: Manufacturer: Linux 6.2.0-39-generic ehci_hcd
2024-03-04T00:42:40.600612+00:00 controlnode kernel: [    0.628586] usb usb2: SerialNumber: 0000:00:0b.0
2024-03-04T00:42:40.600613+00:00 controlnode kernel: [    0.628941] hub 2-0:1.0: USB hub found
2024-03-04T00:42:40.600613+00:00 controlnode kernel: [    0.628945] hub 2-0:1.0: 12 ports detected
2024-03-04T00:42:40.600614+00:00 controlnode kernel: [    0.631253] Segment Routing with IPv6
2024-03-04T00:42:40.600615+00:00 controlnode kernel: [    0.631260] In-situ OAM (IOAM) with IPv6
2024-03-04T00:42:40.600615+00:00 controlnode kernel: [    0.631276] NET: Registered PF_PACKET protocol family
2024-03-04T00:42:40.600615+00:00 controlnode kernel: [    0.631661] Key type dns_resolver registered
2024-03-04T00:42:40.600615+00:00 controlnode kernel: [    0.632616] IPI shorthand broadcast: enabled
2024-03-04T00:42:40.600615+00:00 controlnode kernel: [    0.633286] sched_clock: Marking stable (597036893, 35507910)->(665384937, -32840134)
2024-03-04T00:42:40.600616+00:00 controlnode kernel: [    0.633998] registered taskstats version 1
2024-03-04T00:42:40.600618+00:00 controlnode kernel: [    0.635025] Loading compiled-in X.509 certificates
2024-03-04T00:42:40.600618+00:00 controlnode kernel: [    0.635663] Loaded X.509 cert 'Build time autogenerated kernel key: 6eddb12449a36413eb2a4fa19a0e4a40816a388f'
2024-03-04T00:42:40.600618+00:00 controlnode kernel: [    0.635893] Loaded X.509 cert 'Canonical Ltd. Live Patch Signing: 14df34d1a87cf37625abec039ef2bf521249b969'
2024-03-04T00:42:40.600618+00:00 controlnode kernel: [    0.636112] Loaded X.509 cert 'Canonical Ltd. Kernel Module Signing: 88f752e560a1e0737e31163a466ad7b70a850c19'
2024-03-04T00:42:40.600619+00:00 controlnode kernel: [    0.636113] blacklist: Loading compiled-in revocation X.509 certificates
2024-03-04T00:42:40.600619+00:00 controlnode kernel: [    0.636121] Loaded X.509 cert 'Canonical Ltd. Secure Boot Signing: 61482aa2830d0ab2ad5af10b7250da9033ddcef0'
2024-03-04T00:42:40.600621+00:00 controlnode kernel: [    0.636130] Loaded X.509 cert 'Canonical Ltd. Secure Boot Signing (2017): 242ade75ac4a15e50d50c84b0d45ff3eae707a03'
2024-03-04T00:42:40.600621+00:00 controlnode kernel: [    0.636137] Loaded X.509 cert 'Canonical Ltd. Secure Boot Signing (ESM 2018): 365188c1d374d6b07c3c8f240f8ef722433d6a8b'
2024-03-04T00:42:40.600621+00:00 controlnode kernel: [    0.636145] Loaded X.509 cert 'Canonical Ltd. Secure Boot Signing (2019): c0746fd6c5da3ae827864651ad66ae47fe24b3e8'
2024-03-04T00:42:40.600621+00:00 controlnode kernel: [    0.636151] Loaded X.509 cert 'Canonical Ltd. Secure Boot Signing (2021 v1): a8d54bbb3825cfb94fa13c9f8a594a195c107b8d'
2024-03-04T00:42:40.600621+00:00 controlnode kernel: [    0.636158] Loaded X.509 cert 'Canonical Ltd. Secure Boot Signing (2021 v2): 4cf046892d6fd3c9a5b03f98d845f90851dc6a8c'
2024-03-04T00:42:40.600623+00:00 controlnode kernel: [    0.636167] Loaded X.509 cert 'Canonical Ltd. Secure Boot Signing (2021 v3): 100437bb6de6e469b581e61cd66bce3ef4ed53af'
2024-03-04T00:42:40.600623+00:00 controlnode kernel: [    0.636174] Loaded X.509 cert 'Canonical Ltd. Secure Boot Signing (Ubuntu Core 2019): c1d57b8f6b743f23ee41f4f7ee292f06eecadfb9'
2024-03-04T00:42:40.600624+00:00 controlnode kernel: [    0.636265] zswap: loaded using pool lzo/zbud
2024-03-04T00:42:40.600624+00:00 controlnode kernel: [    0.638041] Key type .fscrypt registered
2024-03-04T00:42:40.600624+00:00 controlnode kernel: [    0.638042] Key type fscrypt-provisioning registered
2024-03-04T00:42:40.600624+00:00 controlnode kernel: [    0.646068] Key type encrypted registered
2024-03-04T00:42:40.600626+00:00 controlnode kernel: [    0.646071] AppArmor: AppArmor sha1 policy hashing enabled
2024-03-04T00:42:40.600626+00:00 controlnode kernel: [    0.646077] ima: No TPM chip found, activating TPM-bypass!
2024-03-04T00:42:40.600627+00:00 controlnode kernel: [    0.646079] Loading compiled-in module X.509 certificates
2024-03-04T00:42:40.600627+00:00 controlnode kernel: [    0.646314] Loaded X.509 cert 'Build time autogenerated kernel key: 6eddb12449a36413eb2a4fa19a0e4a40816a388f'
2024-03-04T00:42:40.600627+00:00 controlnode kernel: [    0.646315] ima: Allocated hash algorithm: sha1
2024-03-04T00:42:40.600627+00:00 controlnode kernel: [    0.646319] ima: No architecture policies found
2024-03-04T00:42:40.600629+00:00 controlnode kernel: [    0.646325] evm: Initialising EVM extended attributes:
2024-03-04T00:42:40.600629+00:00 controlnode kernel: [    0.646325] evm: security.selinux
2024-03-04T00:42:40.600629+00:00 controlnode kernel: [    0.646326] evm: security.SMACK64
2024-03-04T00:42:40.600630+00:00 controlnode kernel: [    0.646326] evm: security.SMACK64EXEC
2024-03-04T00:42:40.600630+00:00 controlnode kernel: [    0.646326] evm: security.SMACK64TRANSMUTE
2024-03-04T00:42:40.600630+00:00 controlnode kernel: [    0.646327] evm: security.SMACK64MMAP
2024-03-04T00:42:40.600632+00:00 controlnode kernel: [    0.646327] evm: security.apparmor
2024-03-04T00:42:40.600632+00:00 controlnode kernel: [    0.646328] evm: security.ima
2024-03-04T00:42:40.600632+00:00 controlnode kernel: [    0.646328] evm: security.capability
2024-03-04T00:42:40.600632+00:00 controlnode kernel: [    0.646328] evm: HMAC attrs: 0x1
2024-03-04T00:42:40.600632+00:00 controlnode kernel: [    0.646944] PM:   Magic number: 0:960:707
2024-03-04T00:42:40.600633+00:00 controlnode kernel: [    0.647548] RAS: Correctable Errors collector initialized.
2024-03-04T00:42:40.600633+00:00 controlnode kernel: [    0.737145] ata2.00: ATAPI: VBOX CD-ROM, 1.0, max UDMA/133
2024-03-04T00:42:40.600634+00:00 controlnode kernel: [    0.739038] scsi 1:0:0:0: CD-ROM            VBOX     CD-ROM           1.0  PQ: 0 ANSI: 5
2024-03-04T00:42:40.600635+00:00 controlnode kernel: [    0.757728] sr 1:0:0:0: [sr0] scsi3-mmc drive: 32x/32x xa/form2 tray
2024-03-04T00:42:40.600635+00:00 controlnode kernel: [    0.757730] cdrom: Uniform CD-ROM driver Revision: 3.20
2024-03-04T00:42:40.600635+00:00 controlnode kernel: [    0.774266] sr 1:0:0:0: Attached scsi CD-ROM sr0
2024-03-04T00:42:40.600635+00:00 controlnode kernel: [    0.774291] sr 1:0:0:0: Attached scsi generic sg0 type 5
2024-03-04T00:42:40.600635+00:00 controlnode kernel: [    0.776319] Freeing unused decrypted memory: 2036K
2024-03-04T00:42:40.600637+00:00 controlnode kernel: [    0.777076] Freeing unused kernel image (initmem) memory: 4764K
2024-03-04T00:42:40.600637+00:00 controlnode kernel: [    0.787900] Write protecting the kernel read-only data: 34816k
2024-03-04T00:42:40.600637+00:00 controlnode kernel: [    0.788704] Freeing unused kernel image (rodata/data gap) memory: 1324K
2024-03-04T00:42:40.600638+00:00 controlnode kernel: [    0.794667] x86/mm: Checked W+X mappings: passed, no W+X pages found.
2024-03-04T00:42:40.600638+00:00 controlnode kernel: [    0.794672] Run /init as init process
2024-03-04T00:42:40.600638+00:00 controlnode kernel: [    0.794673]   with arguments:
2024-03-04T00:42:40.600638+00:00 controlnode kernel: [    0.794673]     /init
2024-03-04T00:42:40.600640+00:00 controlnode kernel: [    0.794674]     splash
2024-03-04T00:42:40.600640+00:00 controlnode kernel: [    0.794675]   with environment:
2024-03-04T00:42:40.600640+00:00 controlnode kernel: [    0.794675]     HOME=/
2024-03-04T00:42:40.600641+00:00 controlnode kernel: [    0.794675]     TERM=linux
2024-03-04T00:42:40.600641+00:00 controlnode kernel: [    0.794676]     BOOT_IMAGE=/boot/vmlinuz-6.2.0-39-generic
2024-03-04T00:42:40.600641+00:00 controlnode kernel: [    0.855485] e1000: Intel(R) PRO/1000 Network Driver
2024-03-04T00:42:40.600643+00:00 controlnode kernel: [    0.855487] e1000: Copyright (c) 1999-2006 Intel Corporation.
2024-03-04T00:42:40.600643+00:00 controlnode kernel: [    0.859380] ACPI: video: Video Device [GFX0] (multi-head: yes  rom: no  post: no)
2024-03-04T00:42:40.600643+00:00 controlnode kernel: [    0.862527] piix4_smbus 0000:00:07.0: SMBus Host Controller at 0x4100, revision 0
2024-03-04T00:42:40.600643+00:00 controlnode kernel: [    0.871363] ahci 0000:00:0d.0: version 3.0
2024-03-04T00:42:40.600643+00:00 controlnode kernel: [    0.874128] ahci 0000:00:0d.0: SSS flag set, parallel bus scan disabled
2024-03-04T00:42:40.600644+00:00 controlnode kernel: [    0.874585] ahci 0000:00:0d.0: AHCI 0001.0100 32 slots 1 ports 3 Gbps 0x1 impl SATA mode
2024-03-04T00:42:40.600645+00:00 controlnode kernel: [    0.874587] ahci 0000:00:0d.0: flags: 64bit ncq stag only ccc 
2024-03-04T00:42:40.600676+00:00 controlnode kernel: [    0.875639] input: Video Bus as /devices/LNXSYSTM:00/LNXSYBUS:00/PNP0A03:00/LNXVIDEO:00/input/input4
2024-03-04T00:42:40.600676+00:00 controlnode kernel: [    0.902653] scsi host2: ahci
2024-03-04T00:42:40.600676+00:00 controlnode kernel: [    0.902729] ata3: SATA max UDMA/133 abar m8192@0xf0842000 port 0xf0842100 irq 21
2024-03-04T00:42:40.600677+00:00 controlnode kernel: [    0.971633] usb 1-1: new full-speed USB device number 2 using ohci-pci
2024-03-04T00:42:40.600677+00:00 controlnode kernel: [    1.102088] input: ImExPS/2 Generic Explorer Mouse as /devices/platform/i8042/serio1/input/input5
2024-03-04T00:42:40.600677+00:00 controlnode kernel: [    1.216061] ata3: SATA link up 3.0 Gbps (SStatus 123 SControl 300)
2024-03-04T00:42:40.600679+00:00 controlnode kernel: [    1.216486] ata3.00: ATA-6: VBOX HARDDISK, 1.0, max UDMA/133
2024-03-04T00:42:40.600679+00:00 controlnode kernel: [    1.216489] ata3.00: 104857600 sectors, multi 128: LBA48 NCQ (depth 32)
2024-03-04T00:42:40.600679+00:00 controlnode kernel: [    1.217103] ata3.00: configured for UDMA/133
2024-03-04T00:42:40.600679+00:00 controlnode kernel: [    1.217288] scsi 2:0:0:0: Direct-Access     ATA      VBOX HARDDISK    1.0  PQ: 0 ANSI: 5
2024-03-04T00:42:40.600680+00:00 controlnode kernel: [    1.217430] scsi 2:0:0:0: Attached scsi generic sg1 type 0
2024-03-04T00:42:40.600680+00:00 controlnode kernel: [    1.217502] sd 2:0:0:0: [sda] 104857600 512-byte logical blocks: (53.7 GB/50.0 GiB)
2024-03-04T00:42:40.600681+00:00 controlnode kernel: [    1.217507] sd 2:0:0:0: [sda] Write Protect is off
2024-03-04T00:42:40.600682+00:00 controlnode kernel: [    1.217508] sd 2:0:0:0: [sda] Mode Sense: 00 3a 00 00
2024-03-04T00:42:40.600682+00:00 controlnode kernel: [    1.217512] sd 2:0:0:0: [sda] Write cache: enabled, read cache: enabled, doesn't support DPO or FUA
2024-03-04T00:42:40.600682+00:00 controlnode kernel: [    1.217519] sd 2:0:0:0: [sda] Preferred minimum I/O size 512 bytes
2024-03-04T00:42:40.600682+00:00 controlnode kernel: [    1.221089]  sda: sda1 sda2
2024-03-04T00:42:40.600682+00:00 controlnode kernel: [    1.221149] sd 2:0:0:0: [sda] Attached SCSI disk
2024-03-04T00:42:40.600684+00:00 controlnode kernel: [    1.285421] usb 1-1: New USB device found, idVendor=80ee, idProduct=0021, bcdDevice= 1.00
2024-03-04T00:42:40.600684+00:00 controlnode kernel: [    1.285425] usb 1-1: New USB device strings: Mfr=1, Product=3, SerialNumber=0
2024-03-04T00:42:40.600684+00:00 controlnode kernel: [    1.285426] usb 1-1: Product: USB Tablet
2024-03-04T00:42:40.600685+00:00 controlnode kernel: [    1.285427] usb 1-1: Manufacturer: VirtualBox
2024-03-04T00:42:40.600685+00:00 controlnode kernel: [    1.293098] hid: raw HID events driver (C) Jiri Kosina
2024-03-04T00:42:40.600685+00:00 controlnode kernel: [    1.307078] usbcore: registered new interface driver usbhid
2024-03-04T00:42:40.600685+00:00 controlnode kernel: [    1.307079] usbhid: USB HID core driver
2024-03-04T00:42:40.600687+00:00 controlnode kernel: [    1.309718] input: VirtualBox USB Tablet as /devices/pci0000:00/0000:00:06.0/usb1/1-1/1-1:1.0/0003:80EE:0021.0001/input/input6
2024-03-04T00:42:40.600687+00:00 controlnode kernel: [    1.310136] hid-generic 0003:80EE:0021.0001: input,hidraw0: USB HID v1.10 Mouse [VirtualBox USB Tablet] on usb-0000:00:06.0-1/input0
2024-03-04T00:42:40.600687+00:00 controlnode kernel: [    1.327873] e1000 0000:00:03.0 eth0: (PCI:33MHz:32-bit) 08:00:27:13:8f:cd
2024-03-04T00:42:40.600688+00:00 controlnode kernel: [    1.327879] e1000 0000:00:03.0 eth0: Intel(R) PRO/1000 Network Connection
2024-03-04T00:42:40.600688+00:00 controlnode kernel: [    1.782689] e1000 0000:00:08.0 eth1: (PCI:33MHz:32-bit) 08:00:27:ae:72:ba
2024-03-04T00:42:40.600688+00:00 controlnode kernel: [    1.782694] e1000 0000:00:08.0 eth1: Intel(R) PRO/1000 Network Connection
2024-03-04T00:42:40.600690+00:00 controlnode kernel: [    1.784032] e1000 0000:00:08.0 enp0s8: renamed from eth1
2024-03-04T00:42:40.600690+00:00 controlnode kernel: [    1.824485] e1000 0000:00:03.0 enp0s3: renamed from eth0
2024-03-04T00:42:40.600691+00:00 controlnode kernel: [    2.034365] EXT4-fs (sda2): orphan cleanup on readonly fs
2024-03-04T00:42:40.600691+00:00 controlnode kernel: [    2.034515] EXT4-fs (sda2): mounted filesystem f672794d-85de-41af-8fb4-d8951d91b283 with ordered data mode. Quota mode: none.
2024-03-04T00:42:40.600691+00:00 controlnode kernel: [    2.147430] systemd[1]: Inserted module 'autofs4'
2024-03-04T00:42:40.600691+00:00 controlnode kernel: [    2.168742] systemd[1]: systemd 252.5-2ubuntu3 running in system mode (+PAM +AUDIT +SELINUX +APPARMOR +IMA +SMACK +SECCOMP +GCRYPT -GNUTLS +OPENSSL +ACL +BLKID +CURL +ELFUTILS +FIDO2 +IDN2 -IDN +IPTC +KMOD +LIBCRYPTSETUP +LIBFDISK +PCRE2 -PWQUALITY +P11KIT +QRENCODE +TPM2 +BZIP2 +LZ4 +XZ +ZLIB +ZSTD -BPF_FRAMEWORK -XKBCOMMON +UTMP +SYSVINIT default-hierarchy=unified)
2024-03-04T00:42:40.600693+00:00 controlnode kernel: [    2.168745] systemd[1]: Detected virtualization oracle.
2024-03-04T00:42:40.600693+00:00 controlnode kernel: [    2.168746] systemd[1]: Detected architecture x86-64.
2024-03-04T00:42:40.600693+00:00 controlnode kernel: [    2.170154] systemd[1]: Hostname set to <controlnode>.
2024-03-04T00:42:40.600694+00:00 controlnode kernel: [    2.171664] systemd[1]: Invalid DMI field header.
2024-03-04T00:42:40.600694+00:00 controlnode kernel: [    2.524074] systemd[1]: Queued start job for default target graphical.target.
2024-03-04T00:42:40.600694+00:00 controlnode kernel: [    2.553067] systemd[1]: Created slice system-modprobe.slice - Slice /system/modprobe.
2024-03-04T00:42:40.600696+00:00 controlnode kernel: [    2.553185] systemd[1]: Created slice user.slice - User and Session Slice.
2024-03-04T00:42:40.600696+00:00 controlnode kernel: [    2.553217] systemd[1]: Started systemd-ask-password-wall.path - Forward Password Requests to Wall Directory Watch.
2024-03-04T00:42:40.600696+00:00 controlnode kernel: [    2.553303] systemd[1]: Set up automount proc-sys-fs-binfmt_misc.automount - Arbitrary Executable File Formats File System Automount Point.
2024-03-04T00:42:40.600696+00:00 controlnode kernel: [    2.553318] systemd[1]: Reached target integritysetup.target - Local Integrity Protected Volumes.
2024-03-04T00:42:40.600697+00:00 controlnode kernel: [    2.553333] systemd[1]: Reached target remote-fs.target - Remote File Systems.
2024-03-04T00:42:40.600698+00:00 controlnode kernel: [    2.553337] systemd[1]: Reached target slices.target - Slice Units.
2024-03-04T00:42:40.600699+00:00 controlnode kernel: [    2.553344] systemd[1]: Reached target snapd.mounts-pre.target - Mounting snaps.
2024-03-04T00:42:40.600699+00:00 controlnode kernel: [    2.553354] systemd[1]: Reached target veritysetup.target - Local Verity Protected Volumes.
2024-03-04T00:42:40.600699+00:00 controlnode kernel: [    2.554009] systemd[1]: Listening on syslog.socket - Syslog Socket.
2024-03-04T00:42:40.600699+00:00 controlnode kernel: [    2.554058] systemd[1]: Listening on systemd-fsckd.socket - fsck to fsckd communication Socket.
2024-03-04T00:42:40.600699+00:00 controlnode kernel: [    2.554081] systemd[1]: Listening on systemd-initctl.socket - initctl Compatibility Named Pipe.
2024-03-04T00:42:40.600700+00:00 controlnode kernel: [    2.554155] systemd[1]: Listening on systemd-journald-audit.socket - Journal Audit Socket.
2024-03-04T00:42:40.600703+00:00 controlnode kernel: [    2.554184] systemd[1]: Listening on systemd-journald-dev-log.socket - Journal Socket (/dev/log).
2024-03-04T00:42:40.600703+00:00 controlnode kernel: [    2.554222] systemd[1]: Listening on systemd-journald.socket - Journal Socket.
2024-03-04T00:42:40.600703+00:00 controlnode kernel: [    2.554262] systemd[1]: Listening on systemd-oomd.socket - Userspace Out-Of-Memory (OOM) Killer Socket.
2024-03-04T00:42:40.600703+00:00 controlnode kernel: [    2.554615] systemd[1]: Listening on systemd-udevd-control.socket - udev Control Socket.
2024-03-04T00:42:40.600703+00:00 controlnode kernel: [    2.554662] systemd[1]: Listening on systemd-udevd-kernel.socket - udev Kernel Socket.
2024-03-04T00:42:40.600704+00:00 controlnode kernel: [    2.555325] systemd[1]: Mounting dev-hugepages.mount - Huge Pages File System...
2024-03-04T00:42:40.600705+00:00 controlnode kernel: [    2.555993] systemd[1]: Mounting dev-mqueue.mount - POSIX Message Queue File System...
2024-03-04T00:42:40.600706+00:00 controlnode kernel: [    2.556854] systemd[1]: Mounting sys-kernel-debug.mount - Kernel Debug File System...
2024-03-04T00:42:40.600706+00:00 controlnode kernel: [    2.557384] systemd[1]: Mounting sys-kernel-tracing.mount - Kernel Trace File System...
2024-03-04T00:42:40.600706+00:00 controlnode kernel: [    2.562924] systemd[1]: Starting systemd-journald.service - Journal Service...
2024-03-04T00:42:40.600706+00:00 controlnode kernel: [    2.563611] systemd[1]: Starting keyboard-setup.service - Set the console keyboard layout...
2024-03-04T00:42:40.600706+00:00 controlnode kernel: [    2.564449] systemd[1]: Starting kmod-static-nodes.service - Create List of Static Device Nodes...
2024-03-04T00:42:40.600709+00:00 controlnode kernel: [    2.566218] systemd[1]: Starting modprobe@configfs.service - Load Kernel Module configfs...
2024-03-04T00:42:40.600709+00:00 controlnode kernel: [    2.567011] systemd[1]: Starting modprobe@drm.service - Load Kernel Module drm...
2024-03-04T00:42:40.600709+00:00 controlnode kernel: [    2.567531] systemd[1]: Starting modprobe@efi_pstore.service - Load Kernel Module efi_pstore...
2024-03-04T00:42:40.600710+00:00 controlnode kernel: [    2.568005] systemd[1]: Starting modprobe@fuse.service - Load Kernel Module fuse...
2024-03-04T00:42:40.600710+00:00 controlnode kernel: [    2.568146] systemd[1]: systemd-fsck-root.service - File System Check on Root Device was skipped because of an unmet condition check (ConditionPathExists=!/run/initramfs/fsck-root).
2024-03-04T00:42:40.600710+00:00 controlnode kernel: [    2.570938] systemd[1]: Starting systemd-modules-load.service - Load Kernel Modules...
2024-03-04T00:42:40.600712+00:00 controlnode kernel: [    2.572394] systemd[1]: Starting systemd-remount-fs.service - Remount Root and Kernel File Systems...
2024-03-04T00:42:40.600712+00:00 controlnode kernel: [    2.572442] systemd[1]: systemd-repart.service - Repartition Root Disk was skipped because no trigger condition checks were met.
2024-03-04T00:42:40.600712+00:00 controlnode kernel: [    2.578685] systemd[1]: Starting systemd-udev-trigger.service - Coldplug All udev Devices...
2024-03-04T00:42:40.600712+00:00 controlnode kernel: [    2.582322] systemd[1]: Mounted dev-hugepages.mount - Huge Pages File System.
2024-03-04T00:42:40.600713+00:00 controlnode kernel: [    2.582366] systemd[1]: Mounted dev-mqueue.mount - POSIX Message Queue File System.
2024-03-04T00:42:40.600713+00:00 controlnode kernel: [    2.582391] systemd[1]: Mounted sys-kernel-debug.mount - Kernel Debug File System.
2024-03-04T00:42:40.600714+00:00 controlnode kernel: [    2.582417] systemd[1]: Mounted sys-kernel-tracing.mount - Kernel Trace File System.
2024-03-04T00:42:40.600715+00:00 controlnode kernel: [    2.583102] systemd[1]: Finished kmod-static-nodes.service - Create List of Static Device Nodes.
2024-03-04T00:42:40.600715+00:00 controlnode kernel: [    2.583370] systemd[1]: modprobe@configfs.service: Deactivated successfully.
2024-03-04T00:42:40.600715+00:00 controlnode kernel: [    2.583426] systemd[1]: Finished modprobe@configfs.service - Load Kernel Module configfs.
2024-03-04T00:42:40.600715+00:00 controlnode kernel: [    2.583814] systemd[1]: modprobe@efi_pstore.service: Deactivated successfully.
2024-03-04T00:42:40.600715+00:00 controlnode kernel: [    2.584150] systemd[1]: Finished modprobe@efi_pstore.service - Load Kernel Module efi_pstore.
2024-03-04T00:42:40.600716+00:00 controlnode kernel: [    2.584257] systemd[1]: modprobe@fuse.service: Deactivated successfully.
2024-03-04T00:42:40.600717+00:00 controlnode kernel: [    2.584310] systemd[1]: Finished modprobe@fuse.service - Load Kernel Module fuse.
2024-03-04T00:42:40.600717+00:00 controlnode kernel: [    2.585721] systemd[1]: Mounting sys-fs-fuse-connections.mount - FUSE Control File System...
2024-03-04T00:42:40.600718+00:00 controlnode kernel: [    2.586057] EXT4-fs (sda2): re-mounted f672794d-85de-41af-8fb4-d8951d91b283. Quota mode: none.
2024-03-04T00:42:40.600743+00:00 controlnode kernel: [    2.591867] systemd[1]: Mounting sys-kernel-config.mount - Kernel Configuration File System...
2024-03-04T00:42:40.600743+00:00 controlnode kernel: [    2.592827] systemd[1]: Finished systemd-remount-fs.service - Remount Root and Kernel File Systems.
2024-03-04T00:42:40.600743+00:00 controlnode kernel: [    2.592915] systemd[1]: Mounted sys-fs-fuse-connections.mount - FUSE Control File System.
2024-03-04T00:42:40.600745+00:00 controlnode kernel: [    2.593328] systemd[1]: Activating swap swap.img.swap - /swap.img...
2024-03-04T00:42:40.600745+00:00 controlnode kernel: [    2.593875] systemd[1]: Starting cloud-init-local.service - Initial cloud-init job (pre-networking)...
2024-03-04T00:42:40.600745+00:00 controlnode kernel: [    2.593904] systemd[1]: systemd-firstboot.service - First Boot Wizard was skipped because of an unmet condition check (ConditionFirstBoot=yes).
2024-03-04T00:42:40.600746+00:00 controlnode kernel: [    2.593943] systemd[1]: systemd-pstore.service - Platform Persistent Storage Archival was skipped because of an unmet condition check (ConditionDirectoryNotEmpty=/sys/fs/pstore).
2024-03-04T00:42:40.600746+00:00 controlnode kernel: [    2.594490] systemd[1]: Starting systemd-random-seed.service - Load/Save Random Seed...
2024-03-04T00:42:40.600746+00:00 controlnode kernel: [    2.595025] systemd[1]: Starting systemd-sysusers.service - Create System Users...
2024-03-04T00:42:40.600748+00:00 controlnode kernel: [    2.596170] systemd[1]: Started systemd-journald.service - Journal Service.
2024-03-04T00:42:40.600748+00:00 controlnode kernel: [    2.602410] Adding 3992572k swap on /swap.img.  Priority:-2 extents:3 across:4254716k FS
2024-03-04T00:42:40.600748+00:00 controlnode kernel: [    2.613179] systemd-journald[221]: Received client request to flush runtime journal.
2024-03-04T00:42:40.600748+00:00 controlnode kernel: [    2.619596] ACPI: bus type drm_connector registered
2024-03-04T00:42:40.600749+00:00 controlnode kernel: [    2.644653] lp: driver loaded but no devices found
2024-03-04T00:42:40.600749+00:00 controlnode kernel: [    2.649374] ppdev: user-space parallel port driver
2024-03-04T00:42:40.600750+00:00 controlnode kernel: [    2.927670] vboxguest: host-version: 7.0.10r158379 0x8000000f
2024-03-04T00:42:40.600751+00:00 controlnode kernel: [    2.930186] vbg_heartbeat_init: Setting up heartbeat to trigger every 2000 milliseconds
2024-03-04T00:42:40.600751+00:00 controlnode kernel: [    2.930771] input: VirtualBox mouse integration as /devices/pci0000:00/0000:00:04.0/input/input7
2024-03-04T00:42:40.600751+00:00 controlnode kernel: [    2.939778] RAPL PMU: API unit is 2^-32 Joules, 0 fixed counters, 10737418240 ms ovfl timer
2024-03-04T00:42:40.600751+00:00 controlnode kernel: [    2.949932] cryptd: max_cpu_qlen set to 1000
2024-03-04T00:42:40.600751+00:00 controlnode kernel: [    2.983283] SSE version of gcm_enc/dec engaged.
2024-03-04T00:42:40.600753+00:00 controlnode kernel: [    3.078192] intel_rapl_msr: PL4 support detected.
2024-03-04T00:42:40.600753+00:00 controlnode kernel: [    3.078250] vmwgfx 0000:00:02.0: vgaarb: deactivate vga console
2024-03-04T00:42:40.600753+00:00 controlnode kernel: [    3.127007] Console: switching to colour dummy device 80x25
2024-03-04T00:42:40.600754+00:00 controlnode kernel: [    3.127799] vmwgfx 0000:00:02.0: [drm] FIFO at 0x00000000f0000000 size is 2048 kiB
2024-03-04T00:42:40.600754+00:00 controlnode kernel: [    3.127807] vmwgfx 0000:00:02.0: [drm] VRAM at 0x00000000e0000000 size is 16384 kiB
2024-03-04T00:42:40.600754+00:00 controlnode kernel: [    3.127840] vmwgfx 0000:00:02.0: [drm] Running on SVGA version 2.
2024-03-04T00:42:40.600754+00:00 controlnode kernel: [    3.127858] vmwgfx 0000:00:02.0: [drm] Capabilities: rect copy, cursor, cursor bypass, cursor bypass 2, alpha cursor, extended fifo, pitchlock, irq mask, gmr, traces, gmr2, screen object 2, command buffers, 
2024-03-04T00:42:40.600756+00:00 controlnode kernel: [    3.127859] vmwgfx 0000:00:02.0: [drm] DMA map mode: Caching DMA mappings.
2024-03-04T00:42:40.600757+00:00 controlnode kernel: [    3.127995] vmwgfx 0000:00:02.0: [drm] Legacy memory limits: VRAM = 16384 kB, FIFO = 2048 kB, surface = 507904 kB
2024-03-04T00:42:40.600757+00:00 controlnode kernel: [    3.127996] vmwgfx 0000:00:02.0: [drm] MOB limits: max mob size = 0 kB, max mob pages = 0
2024-03-04T00:42:40.600757+00:00 controlnode kernel: [    3.127997] vmwgfx 0000:00:02.0: [drm] Max GMR ids is 8192
2024-03-04T00:42:40.600757+00:00 controlnode kernel: [    3.127998] vmwgfx 0000:00:02.0: [drm] Max number of GMR pages is 1048576
2024-03-04T00:42:40.600757+00:00 controlnode kernel: [    3.127999] vmwgfx 0000:00:02.0: [drm] Maximum display memory size is 16384 kiB
2024-03-04T00:42:40.600759+00:00 controlnode kernel: [    3.130379] vmwgfx 0000:00:02.0: [drm] Screen Object display unit initialized
2024-03-04T00:42:40.600759+00:00 controlnode kernel: [    3.130661] vmwgfx 0000:00:02.0: [drm] Fifo max 0x00200000 min 0x00001000 cap 0x00000355
2024-03-04T00:42:40.600760+00:00 controlnode kernel: [    3.130824] vmwgfx 0000:00:02.0: [drm] Using command buffers with DMA pool.
2024-03-04T00:42:40.600760+00:00 controlnode kernel: [    3.130831] vmwgfx 0000:00:02.0: [drm] Available shader model: Legacy.
2024-03-04T00:42:40.600760+00:00 controlnode kernel: [    3.130843] [drm:vmw_host_printf [vmwgfx]] *ERROR* Failed to send host log message.
2024-03-04T00:42:40.600760+00:00 controlnode kernel: [    3.131051] [drm] Initialized vmwgfx 2.20.0 20211206 for 0000:00:02.0 on minor 0
2024-03-04T00:42:40.600762+00:00 controlnode kernel: [    3.132502] fbcon: vmwgfxdrmfb (fb0) is primary device
2024-03-04T00:42:40.600762+00:00 controlnode kernel: [    3.196675] Console: switching to colour frame buffer device 160x50
2024-03-04T00:42:40.600762+00:00 controlnode kernel: [    3.199748] vmwgfx 0000:00:02.0: [drm] fb0: vmwgfxdrmfb frame buffer device
2024-03-04T00:42:40.600762+00:00 controlnode kernel: [    3.450546] snd_intel8x0 0000:00:05.0: allow list rate for 1028:0177 is 48000
2024-03-04T00:42:40.600763+00:00 controlnode kernel: [    3.619163] loop0: detected capacity change from 0 to 8
2024-03-04T00:42:40.600763+00:00 controlnode kernel: [    3.619325] loop1: detected capacity change from 0 to 149488
2024-03-04T00:42:40.600764+00:00 controlnode kernel: [    3.623418] loop2: detected capacity change from 0 to 943256
2024-03-04T00:42:40.600765+00:00 controlnode kernel: [    3.624624] loop3: detected capacity change from 0 to 495928
2024-03-04T00:42:40.600765+00:00 controlnode kernel: [    3.624956] loop4: detected capacity change from 0 to 187776
2024-03-04T00:42:40.600765+00:00 controlnode kernel: [    3.628421] loop5: detected capacity change from 0 to 109032
2024-03-04T00:42:40.600765+00:00 controlnode kernel: [    3.630040] loop6: detected capacity change from 0 to 904
2024-03-04T00:42:40.600766+00:00 controlnode kernel: [    3.633376] loop7: detected capacity change from 0 to 25240
2024-03-04T00:42:40.600766+00:00 controlnode kernel: [    3.708739] audit: type=1400 audit(1709512956.584:2): apparmor="STATUS" operation="profile_load" profile="unconfined" name="lsb_release" pid=533 comm="apparmor_parser"
2024-03-04T00:42:40.600767+00:00 controlnode kernel: [    3.723148] audit: type=1400 audit(1709512956.608:3): apparmor="STATUS" operation="profile_load" profile="unconfined" name="nvidia_modprobe" pid=534 comm="apparmor_parser"
2024-03-04T00:42:40.600768+00:00 controlnode kernel: [    3.723518] audit: type=1400 audit(1709512956.608:4): apparmor="STATUS" operation="profile_load" profile="unconfined" name="nvidia_modprobe//kmod" pid=534 comm="apparmor_parser"
2024-03-04T00:42:40.600768+00:00 controlnode kernel: [    3.772252] audit: type=1400 audit(1709512956.640:5): apparmor="STATUS" operation="profile_load" profile="unconfined" name="/usr/bin/man" pid=537 comm="apparmor_parser"
2024-03-04T00:42:40.600768+00:00 controlnode kernel: [    3.784817] audit: type=1400 audit(1709512956.668:6): apparmor="STATUS" operation="profile_load" profile="unconfined" name="/usr/lib/NetworkManager/nm-dhcp-client.action" pid=535 comm="apparmor_parser"
2024-03-04T00:42:40.600768+00:00 controlnode kernel: [    3.785242] audit: type=1400 audit(1709512956.668:7): apparmor="STATUS" operation="profile_load" profile="unconfined" name="/usr/lib/NetworkManager/nm-dhcp-helper" pid=535 comm="apparmor_parser"
2024-03-04T00:42:40.600770+00:00 controlnode kernel: [    3.785670] audit: type=1400 audit(1709512956.668:8): apparmor="STATUS" operation="profile_load" profile="unconfined" name="/usr/lib/connman/scripts/dhclient-script" pid=535 comm="apparmor_parser"
2024-03-04T00:42:40.600770+00:00 controlnode kernel: [    3.786319] audit: type=1400 audit(1709512956.668:9): apparmor="STATUS" operation="profile_load" profile="unconfined" name="/{,usr/}sbin/dhclient" pid=535 comm="apparmor_parser"
2024-03-04T00:42:40.600771+00:00 controlnode kernel: [    3.786940] audit: type=1400 audit(1709512956.668:10): apparmor="STATUS" operation="profile_load" profile="unconfined" name="man_filter" pid=537 comm="apparmor_parser"
2024-03-04T00:42:40.600771+00:00 controlnode kernel: [    6.513923] kauditd_printk_skb: 18 callbacks suppressed
2024-03-04T00:42:40.600771+00:00 controlnode kernel: [    6.513926] audit: type=1400 audit(1709512959.396:29): apparmor="STATUS" operation="profile_load" profile="unconfined" name="libreoffice-soffice" pid=543 comm="apparmor_parser"
2024-03-04T00:42:40.600773+00:00 controlnode kernel: [    6.514673] audit: type=1400 audit(1709512959.396:30): apparmor="STATUS" operation="profile_load" profile="unconfined" name="libreoffice-soffice//gpg" pid=543 comm="apparmor_parser"
2024-03-04T00:42:40.600773+00:00 controlnode kernel: [    6.766273] audit: type=1400 audit(1709512959.472:31): apparmor="STATUS" operation="profile_load" profile="unconfined" name="/snap/snapd/18933/usr/lib/snapd/snap-confine" pid=562 comm="apparmor_parser"
2024-03-04T00:42:40.600773+00:00 controlnode kernel: [    6.784304] audit: type=1400 audit(1709512959.668:32): apparmor="STATUS" operation="profile_load" profile="unconfined" name="/snap/snapd/18933/usr/lib/snapd/snap-confine//mount-namespace-capture-helper" pid=562 comm="apparmor_parser"
2024-03-04T00:42:40.600774+00:00 controlnode kernel: [    6.876081] audit: type=1400 audit(1709512959.752:33): apparmor="STATUS" operation="profile_load" profile="unconfined" name="snap-update-ns.firefox" pid=563 comm="apparmor_parser"
2024-03-04T00:42:40.600774+00:00 controlnode kernel: [    6.883407] audit: type=1400 audit(1709512959.752:34): apparmor="STATUS" operation="profile_load" profile="unconfined" name="snap.firefox.firefox" pid=566 comm="apparmor_parser"
2024-03-04T00:42:40.600775+00:00 controlnode kernel: [    6.946784] audit: type=1400 audit(1709512959.752:35): apparmor="STATUS" operation="profile_load" profile="unconfined" name="snap-update-ns.snap-store" pid=564 comm="apparmor_parser"
2024-03-04T00:42:40.600776+00:00 controlnode kernel: [    6.966270] audit: type=1400 audit(1709512959.752:36): apparmor="STATUS" operation="profile_load" profile="unconfined" name="snap.firefox.geckodriver" pid=567 comm="apparmor_parser"
2024-03-04T00:42:40.600776+00:00 controlnode kernel: [    7.023297] audit: type=1400 audit(1709512959.752:37): apparmor="STATUS" operation="profile_load" profile="unconfined" name="snap.firefox.hook.connect-plug-host-hunspell" pid=569 comm="apparmor_parser"
2024-03-04T00:42:40.600777+00:00 controlnode kernel: [    7.046262] audit: type=1400 audit(1709512959.752:38): apparmor="STATUS" operation="profile_load" profile="unconfined" name="snap.firefox.hook.configure" pid=568 comm="apparmor_parser"
2024-03-04T00:42:40.598139+00:00 controlnode systemd[1]: Starting systemd-journal-flush.service - Flush Journal to Persistent Storage...
2024-03-04T00:42:40.601952+00:00 controlnode systemd[1]: Activated swap swap.img.swap - /swap.img.
2024-03-04T00:42:40.601961+00:00 controlnode systemd[1]: Reached target swap.target - Swaps.
2024-03-04T00:42:40.601963+00:00 controlnode systemd[1]: Mounted sys-kernel-config.mount - Kernel Configuration File System.
2024-03-04T00:42:40.601964+00:00 controlnode systemd[1]: Finished systemd-random-seed.service - Load/Save Random Seed.
2024-03-04T00:42:40.601966+00:00 controlnode systemd[1]: first-boot-complete.target - First Boot Complete was skipped because of an unmet condition check (ConditionFirstBoot=yes).
2024-03-04T00:42:40.601967+00:00 controlnode systemd[1]: modprobe@drm.service: Deactivated successfully.
2024-03-04T00:42:40.601969+00:00 controlnode systemd[1]: Finished modprobe@drm.service - Load Kernel Module drm.
2024-03-04T00:42:40.601971+00:00 controlnode systemd-sysusers[242]: Creating group 'gamemode' with GID 994.
2024-03-04T00:42:40.601972+00:00 controlnode systemd-sysusers[242]: Creating group 'gnome-initial-setup' with GID 993.
2024-03-04T00:42:40.601974+00:00 controlnode systemd[1]: Finished systemd-udev-trigger.service - Coldplug All udev Devices.
2024-03-04T00:42:40.601975+00:00 controlnode systemd[1]: Finished systemd-journal-flush.service - Flush Journal to Persistent Storage.
2024-03-04T00:42:40.601977+00:00 controlnode systemd-modules-load[229]: Inserted module 'lp'
2024-03-04T00:42:40.601979+00:00 controlnode systemd[1]: Finished systemd-sysusers.service - Create System Users.
2024-03-04T00:42:40.601981+00:00 controlnode systemd-modules-load[229]: Inserted module 'ppdev'
2024-03-04T00:42:40.601983+00:00 controlnode systemd-modules-load[229]: Inserted module 'parport_pc'
2024-03-04T00:42:40.601984+00:00 controlnode systemd-modules-load[229]: Inserted module 'msr'
2024-03-04T00:42:40.601986+00:00 controlnode systemd[1]: Starting systemd-tmpfiles-setup-dev.service - Create Static Device Nodes in /dev...
2024-03-04T00:42:40.601987+00:00 controlnode systemd[1]: Finished systemd-modules-load.service - Load Kernel Modules.
2024-03-04T00:42:40.601988+00:00 controlnode systemd[1]: Starting systemd-sysctl.service - Apply Kernel Variables...
2024-03-04T00:42:40.601989+00:00 controlnode systemd[1]: Finished keyboard-setup.service - Set the console keyboard layout.
2024-03-04T00:42:40.601992+00:00 controlnode systemd[1]: Finished systemd-sysctl.service - Apply Kernel Variables.
2024-03-04T00:42:40.601993+00:00 controlnode systemd[1]: Finished systemd-tmpfiles-setup-dev.service - Create Static Device Nodes in /dev.
2024-03-04T00:42:40.601994+00:00 controlnode systemd[1]: Reached target local-fs-pre.target - Preparation for Local File Systems.
2024-03-04T00:42:40.601995+00:00 controlnode systemd[1]: Starting systemd-udevd.service - Rule-based Manager for Device Events and Files...
2024-03-04T00:42:40.601996+00:00 controlnode systemd-udevd[260]: Using default interface naming scheme 'v252'.
2024-03-04T00:42:40.601999+00:00 controlnode systemd[1]: Started systemd-udevd.service - Rule-based Manager for Device Events and Files.
2024-03-04T00:42:40.602000+00:00 controlnode systemd[1]: Starting plymouth-start.service - Show Plymouth Boot Screen...
2024-03-04T00:42:40.602001+00:00 controlnode systemd[1]: Received SIGRTMIN+20 from PID 282 (plymouthd).
2024-03-04T00:42:40.602002+00:00 controlnode systemd[1]: Started plymouth-start.service - Show Plymouth Boot Screen.
2024-03-04T00:42:40.602003+00:00 controlnode systemd[1]: systemd-ask-password-console.path - Dispatch Password Requests to Console Directory Watch was skipped because of an unmet condition check (ConditionPathExists=!/run/plymouth/pid).
2024-03-04T00:42:40.602005+00:00 controlnode systemd[1]: Started systemd-ask-password-plymouth.path - Forward Password Requests to Plymouth Directory Watch.
2024-03-04T00:42:40.602007+00:00 controlnode systemd[1]: Reached target cryptsetup.target - Local Encrypted Volumes.
2024-03-04T00:42:40.602008+00:00 controlnode systemd-udevd[280]: event_source: Failed to get device name: No such file or directory
2024-03-04T00:42:40.602010+00:00 controlnode mtp-probe: checking bus 1, device 2: "/sys/devices/pci0000:00/0000:00:06.0/usb1/1-1"
2024-03-04T00:42:40.602011+00:00 controlnode mtp-probe: bus: 1, device: 2 was not an MTP device
2024-03-04T00:42:40.602014+00:00 controlnode systemd-udevd[262]: sda: Process '/usr/bin/unshare -m /usr/bin/snap auto-import --mount=/dev/sda' failed with exit code 1.
2024-03-04T00:42:40.602015+00:00 controlnode systemd-udevd[276]: sda2: Process '/usr/bin/unshare -m /usr/bin/snap auto-import --mount=/dev/sda2' failed with exit code 1.
2024-03-04T00:42:40.602017+00:00 controlnode systemd-udevd[262]: sda1: Process '/usr/bin/unshare -m /usr/bin/snap auto-import --mount=/dev/sda1' failed with exit code 1.
2024-03-04T00:42:40.602018+00:00 controlnode systemd-udevd[272]: sr0: Process '/usr/bin/unshare -m /usr/bin/snap auto-import --mount=/dev/sr0' failed with exit code 1.
2024-03-04T00:42:40.602020+00:00 controlnode systemd[1]: Listening on systemd-rfkill.socket - Load/Save RF Kill Switch Status /dev/rfkill Watch.
2024-03-04T00:42:40.602021+00:00 controlnode cloud-init[347]: Cloud-init v. 23.1.2-0ubuntu0~23.04.1 running 'init-local' at Mon, 04 Mar 2024 00:42:36 +0000. Up 3.10 seconds.
2024-03-04T00:42:40.602024+00:00 controlnode systemd[1]: Finished cloud-init-local.service - Initial cloud-init job (pre-networking).
2024-03-04T00:42:40.602027+00:00 controlnode systemd[1]: Starting cloud-init.service - Initial cloud-init job (metadata service crawler)...
2024-03-04T00:42:40.602028+00:00 controlnode cloud-init[456]: Cloud-init v. 23.1.2-0ubuntu0~23.04.1 running 'init' at Mon, 04 Mar 2024 00:42:36 +0000. Up 3.32 seconds.
2024-03-04T00:42:40.602029+00:00 controlnode cloud-init[456]: ci-info: +++++++++++++++++++++++++++Net device info++++++++++++++++++++++++++++
2024-03-04T00:42:40.602030+00:00 controlnode cloud-init[456]: ci-info: +--------+-------+-----------+-----------+-------+-------------------+
2024-03-04T00:42:40.602032+00:00 controlnode cloud-init[456]: ci-info: | Device |   Up  |  Address  |    Mask   | Scope |     Hw-Address    |
2024-03-04T00:42:40.602034+00:00 controlnode cloud-init[456]: ci-info: +--------+-------+-----------+-----------+-------+-------------------+
2024-03-04T00:42:40.602035+00:00 controlnode cloud-init[456]: ci-info: | enp0s3 | False |     .     |     .     |   .   | 08:00:27:13:8f:cd |
2024-03-04T00:42:40.602036+00:00 controlnode cloud-init[456]: ci-info: | enp0s8 | False |     .     |     .     |   .   | 08:00:27:ae:72:ba |
2024-03-04T00:42:40.602037+00:00 controlnode cloud-init[456]: ci-info: |   lo   |  True | 127.0.0.1 | 255.0.0.0 |  host |         .         |
2024-03-04T00:42:40.602038+00:00 controlnode cloud-init[456]: ci-info: |   lo   |  True |  ::1/128  |     .     |  host |         .         |
2024-03-04T00:42:40.602039+00:00 controlnode cloud-init[456]: ci-info: +--------+-------+-----------+-----------+-------+-------------------+
2024-03-04T00:42:40.602041+00:00 controlnode cloud-init[456]: ci-info: +++++++++++++++++++Route IPv6 info+++++++++++++++++++
2024-03-04T00:42:40.602043+00:00 controlnode cloud-init[456]: ci-info: +-------+-------------+---------+-----------+-------+
2024-03-04T00:42:40.602044+00:00 controlnode cloud-init[456]: ci-info: | Route | Destination | Gateway | Interface | Flags |
2024-03-04T00:42:40.602045+00:00 controlnode cloud-init[456]: ci-info: +-------+-------------+---------+-----------+-------+
2024-03-04T00:42:40.602047+00:00 controlnode cloud-init[456]: ci-info: +-------+-------------+---------+-----------+-------+
2024-03-04T00:42:40.602052+00:00 controlnode systemd-udevd[267]: controlC0: Process '/usr/sbin/alsactl -E HOME=/run/alsa -E XDG_RUNTIME_DIR=/run/alsa/runtime restore 0' failed with exit code 99.
2024-03-04T00:42:40.602054+00:00 controlnode systemd[1]: systemd-ask-password-console.path - Dispatch Password Requests to Console Directory Watch was skipped because of an unmet condition check (ConditionPathExists=!/run/plymouth/pid).
2024-03-04T00:42:40.602055+00:00 controlnode systemd[1]: Starting modprobe@efi_pstore.service - Load Kernel Module efi_pstore...
2024-03-04T00:42:40.602056+00:00 controlnode systemd[1]: systemd-firstboot.service - First Boot Wizard was skipped because of an unmet condition check (ConditionFirstBoot=yes).
2024-03-04T00:42:40.602057+00:00 controlnode systemd[1]: first-boot-complete.target - First Boot Complete was skipped because of an unmet condition check (ConditionFirstBoot=yes).
2024-03-04T00:42:40.602059+00:00 controlnode systemd[1]: systemd-fsck-root.service - File System Check on Root Device was skipped because of an unmet condition check (ConditionPathExists=!/run/initramfs/fsck-root).
2024-03-04T00:42:40.602060+00:00 controlnode systemd[1]: systemd-repart.service - Repartition Root Disk was skipped because no trigger condition checks were met.
2024-03-04T00:42:40.602062+00:00 controlnode systemd[1]: modprobe@efi_pstore.service: Deactivated successfully.
2024-03-04T00:42:40.602063+00:00 controlnode systemd[1]: Finished modprobe@efi_pstore.service - Load Kernel Module efi_pstore.
2024-03-04T00:42:40.602064+00:00 controlnode systemd[1]: systemd-pstore.service - Platform Persistent Storage Archival was skipped because of an unmet condition check (ConditionDirectoryNotEmpty=/sys/fs/pstore).
2024-03-04T00:42:40.603099+00:00 controlnode systemd[1]: Mounting snap-bare-5.mount - Mount unit for bare, revision 5...
2024-03-04T00:42:40.603100+00:00 controlnode systemd[1]: Mounting snap-core22-607.mount - Mount unit for core22, revision 607...
2024-03-04T00:42:40.603102+00:00 controlnode systemd[1]: Mounting snap-firefox-2517.mount - Mount unit for firefox, revision 2517...
2024-03-04T00:42:40.603105+00:00 controlnode systemd[1]: Mounting snap-gnome\x2d42\x2d2204-87.mount - Mount unit for gnome-42-2204, revision 87...
2024-03-04T00:42:40.603107+00:00 controlnode systemd[1]: Mounting snap-gtk\x2dcommon\x2dthemes-1535.mount - Mount unit for gtk-common-themes, revision 1535...
2024-03-04T00:42:40.603108+00:00 controlnode systemd[1]: Mounting snap-snap\x2dstore-959.mount - Mount unit for snap-store, revision 959...
2024-03-04T00:42:40.603109+00:00 controlnode systemd[1]: Mounting snap-snapd-18933.mount - Mount unit for snapd, revision 18933...
2024-03-04T00:42:40.603110+00:00 controlnode systemd[1]: Mounting snap-snapd\x2ddesktop\x2dintegration-83.mount - Mount unit for snapd-desktop-integration, revision 83...
2024-03-04T00:42:40.603112+00:00 controlnode systemd[1]: Mounted snap-bare-5.mount - Mount unit for bare, revision 5.
2024-03-04T00:42:40.603113+00:00 controlnode systemd[1]: Mounted snap-core22-607.mount - Mount unit for core22, revision 607.
2024-03-04T00:42:40.603114+00:00 controlnode systemd[1]: Mounted snap-firefox-2517.mount - Mount unit for firefox, revision 2517.
2024-03-04T00:42:40.603116+00:00 controlnode systemd[1]: Mounted snap-gnome\x2d42\x2d2204-87.mount - Mount unit for gnome-42-2204, revision 87.
2024-03-04T00:42:40.603117+00:00 controlnode systemd[1]: Mounted snap-gtk\x2dcommon\x2dthemes-1535.mount - Mount unit for gtk-common-themes, revision 1535.
2024-03-04T00:42:40.603118+00:00 controlnode systemd[1]: Mounted snap-snapd-18933.mount - Mount unit for snapd, revision 18933.
2024-03-04T00:42:40.603120+00:00 controlnode systemd[1]: Mounted snap-snapd\x2ddesktop\x2dintegration-83.mount - Mount unit for snapd-desktop-integration, revision 83.
2024-03-04T00:42:40.603121+00:00 controlnode systemd[1]: Mounted snap-snap\x2dstore-959.mount - Mount unit for snap-store, revision 959.
2024-03-04T00:42:40.603123+00:00 controlnode systemd[1]: Reached target snapd.mounts.target - Mounted snaps.
2024-03-04T00:42:40.603125+00:00 controlnode systemd[1]: Reached target local-fs.target - Local File Systems.
2024-03-04T00:42:40.603126+00:00 controlnode systemd[1]: Starting apparmor.service - Load AppArmor profiles...
2024-03-04T00:42:40.603127+00:00 controlnode systemd[1]: Starting console-setup.service - Set console font and keymap...
2024-03-04T00:42:40.603129+00:00 controlnode systemd[1]: Starting plymouth-read-write.service - Tell Plymouth To Write Out Runtime Data...
2024-03-04T00:42:40.603131+00:00 controlnode systemd[1]: Starting systemd-binfmt.service - Set Up Additional Binary Formats...
2024-03-04T00:42:40.603132+00:00 controlnode systemd[1]: systemd-machine-id-commit.service - Commit a transient machine-id on disk was skipped because of an unmet condition check (ConditionPathIsMountPoint=/etc/machine-id).
2024-03-04T00:42:40.603133+00:00 controlnode systemd[1]: Starting systemd-tmpfiles-setup.service - Create Volatile Files and Directories...
2024-03-04T00:42:40.603135+00:00 controlnode systemd[1]: Starting ufw.service - Uncomplicated firewall...
2024-03-04T00:42:40.603136+00:00 controlnode systemd[1]: Finished console-setup.service - Set console font and keymap.
2024-03-04T00:42:40.603138+00:00 controlnode systemd[1]: proc-sys-fs-binfmt_misc.automount: Got automount request for /proc/sys/fs/binfmt_misc, triggered by 519 (systemd-binfmt)
2024-03-04T00:42:40.603139+00:00 controlnode apparmor.systemd[515]: Restarting AppArmor
2024-03-04T00:42:40.603140+00:00 controlnode apparmor.systemd[515]: Reloading AppArmor profiles
2024-03-04T00:42:40.603142+00:00 controlnode systemd[1]: Finished ufw.service - Uncomplicated firewall.
2024-03-04T00:42:40.603143+00:00 controlnode systemd[1]: Reached target network-pre.target - Preparation for Network.
2024-03-04T00:42:40.603145+00:00 controlnode systemd[1]: Received SIGRTMIN+20 from PID 282 (plymouthd).
2024-03-04T00:42:40.603147+00:00 controlnode systemd[1]: Finished plymouth-read-write.service - Tell Plymouth To Write Out Runtime Data.
2024-03-04T00:42:40.603148+00:00 controlnode systemd[1]: Finished systemd-tmpfiles-setup.service - Create Volatile Files and Directories.
2024-03-04T00:42:40.603149+00:00 controlnode systemd[1]: Starting systemd-oomd.service - Userspace Out-Of-Memory (OOM) Killer...
2024-03-04T00:42:40.603150+00:00 controlnode systemd[1]: Starting systemd-resolved.service - Network Name Resolution...
2024-03-04T00:42:40.603151+00:00 controlnode systemd[1]: Starting systemd-timesyncd.service - Network Time Synchronization...
2024-03-04T00:42:40.603153+00:00 controlnode systemd[1]: Starting systemd-update-utmp.service - Record System Boot/Shutdown in UTMP...
2024-03-04T00:42:40.603155+00:00 controlnode systemd[1]: Finished systemd-update-utmp.service - Record System Boot/Shutdown in UTMP.
2024-03-04T00:42:40.603156+00:00 controlnode cloud-init[456]: Generating public/private rsa key pair.
2024-03-04T00:42:40.603158+00:00 controlnode cloud-init[456]: Your identification has been saved in /etc/ssh/ssh_host_rsa_key
2024-03-04T00:42:40.603159+00:00 controlnode cloud-init[456]: Your public key has been saved in /etc/ssh/ssh_host_rsa_key.pub
2024-03-04T00:42:40.603160+00:00 controlnode cloud-init[456]: The key fingerprint is:
2024-03-04T00:42:40.603163+00:00 controlnode cloud-init[456]: SHA256:0RoocSKMN0tn+gti5n5KKPASZJreuwloa5iemh43dM8 root@controlnode
2024-03-04T00:42:40.603164+00:00 controlnode cloud-init[456]: The key's randomart image is:
2024-03-04T00:42:40.603165+00:00 controlnode cloud-init[456]: +---[RSA 3072]----+
2024-03-04T00:42:40.603166+00:00 controlnode cloud-init[456]: | o. o .          |
2024-03-04T00:42:40.603167+00:00 controlnode cloud-init[456]: |. =.o+ . .       |
2024-03-04T00:42:40.603169+00:00 controlnode cloud-init[456]: | = *. . o .      |
2024-03-04T00:42:40.603170+00:00 controlnode cloud-init[456]: |+.o  .   +       |
2024-03-04T00:42:40.603172+00:00 controlnode cloud-init[456]: |=  o .  S        |
2024-03-04T00:42:40.603173+00:00 controlnode cloud-init[456]: |*=+ o o          |
2024-03-04T00:42:40.603174+00:00 controlnode cloud-init[456]: |XO.= . E         |
2024-03-04T00:42:40.603176+00:00 controlnode cloud-init[456]: |*=*.=            |
2024-03-04T00:42:40.603177+00:00 controlnode cloud-init[456]: |OBo+.            |
2024-03-04T00:42:40.603178+00:00 controlnode cloud-init[456]: +----[SHA256]-----+
2024-03-04T00:42:40.603180+00:00 controlnode cloud-init[456]: Generating public/private dsa key pair.
2024-03-04T00:42:40.603181+00:00 controlnode cloud-init[456]: Your identification has been saved in /etc/ssh/ssh_host_dsa_key
2024-03-04T00:42:40.603182+00:00 controlnode cloud-init[456]: Your public key has been saved in /etc/ssh/ssh_host_dsa_key.pub
2024-03-04T00:42:40.603184+00:00 controlnode cloud-init[456]: The key fingerprint is:
2024-03-04T00:42:40.603185+00:00 controlnode cloud-init[456]: SHA256:2C+5oZTJI/yF9UrTyawldP2hvAyZiJpnboiS0KZOV24 root@controlnode
2024-03-04T00:42:40.603186+00:00 controlnode cloud-init[456]: The key's randomart image is:
2024-03-04T00:42:40.603189+00:00 controlnode cloud-init[456]: +---[DSA 1024]----+
2024-03-04T00:42:40.603190+00:00 controlnode cloud-init[456]: |                 |
2024-03-04T00:42:40.603194+00:00 controlnode cloud-init[456]: message repeated 2 times: [ |                 |]
2024-03-04T00:42:40.603195+00:00 controlnode cloud-init[456]: |       o   .     |
2024-03-04T00:42:40.603201+00:00 controlnode cloud-init[456]: | .   .. S . . .  |
2024-03-04T00:42:40.603202+00:00 controlnode cloud-init[456]: |. o.o. B X = o . |
2024-03-04T00:42:40.603203+00:00 controlnode cloud-init[456]: |.= ooEO X % o .  |
2024-03-04T00:42:40.603204+00:00 controlnode cloud-init[456]: |= o o*+= X o .   |
2024-03-04T00:42:40.603206+00:00 controlnode cloud-init[456]: |.o  o=+ +   o    |
2024-03-04T00:42:40.603207+00:00 controlnode cloud-init[456]: +----[SHA256]-----+
2024-03-04T00:42:40.603208+00:00 controlnode cloud-init[456]: Generating public/private ecdsa key pair.
2024-03-04T00:42:40.603209+00:00 controlnode cloud-init[456]: Your identification has been saved in /etc/ssh/ssh_host_ecdsa_key
2024-03-04T00:42:40.603211+00:00 controlnode cloud-init[456]: Your public key has been saved in /etc/ssh/ssh_host_ecdsa_key.pub
2024-03-04T00:42:40.603213+00:00 controlnode cloud-init[456]: The key fingerprint is:
2024-03-04T00:42:40.603214+00:00 controlnode cloud-init[456]: SHA256:/oEGwZsovaOrcmKG5PXl3/j67rqJOLZKlhK2n6pp9ps root@controlnode
2024-03-04T00:42:40.603215+00:00 controlnode cloud-init[456]: The key's randomart image is:
2024-03-04T00:42:40.603216+00:00 controlnode cloud-init[456]: +---[ECDSA 256]---+
2024-03-04T00:42:40.603217+00:00 controlnode cloud-init[456]: |                 |
2024-03-04T00:42:40.603219+00:00 controlnode cloud-init[456]: |     .           |
2024-03-04T00:42:40.603221+00:00 controlnode cloud-init[456]: |      o          |
2024-03-04T00:42:40.603222+00:00 controlnode cloud-init[456]: |   . . +         |
2024-03-04T00:42:40.603223+00:00 controlnode cloud-init[456]: | o. o + S        |
2024-03-04T00:42:40.603224+00:00 controlnode cloud-init[456]: |..oo.. + .       |
2024-03-04T00:42:40.603226+00:00 controlnode cloud-init[456]: |+o.++ o + .      |
2024-03-04T00:42:40.603228+00:00 controlnode cloud-init[456]: |+B*.o=.o..+.     |
2024-03-04T00:42:40.603229+00:00 controlnode cloud-init[456]: |@==E+oo..BX*     |
2024-03-04T00:42:40.603230+00:00 controlnode cloud-init[456]: +----[SHA256]-----+
2024-03-04T00:42:40.603231+00:00 controlnode cloud-init[456]: Generating public/private ed25519 key pair.
2024-03-04T00:42:40.603232+00:00 controlnode cloud-init[456]: Your identification has been saved in /etc/ssh/ssh_host_ed25519_key
2024-03-04T00:42:40.603233+00:00 controlnode cloud-init[456]: Your public key has been saved in /etc/ssh/ssh_host_ed25519_key.pub
2024-03-04T00:42:40.603239+00:00 controlnode cloud-init[456]: The key fingerprint is:
2024-03-04T00:42:40.603241+00:00 controlnode cloud-init[456]: SHA256:xLGCHVn8upkO5RgAoBCcjWvw6ylwWdsrx4VO/WOSSkk root@controlnode
2024-03-04T00:42:40.603243+00:00 controlnode cloud-init[456]: The key's randomart image is:
2024-03-04T00:42:40.603244+00:00 controlnode cloud-init[456]: +--[ED25519 256]--+
2024-03-04T00:42:40.603245+00:00 controlnode cloud-init[456]: |=o=   .+o        |
2024-03-04T00:42:40.603246+00:00 controlnode cloud-init[456]: |++ o o.o.o       |
2024-03-04T00:42:40.603249+00:00 controlnode cloud-init[456]: |o.. o o +.       |
2024-03-04T00:42:40.603250+00:00 controlnode cloud-init[456]: | o. .. o  .      |
2024-03-04T00:42:40.603251+00:00 controlnode cloud-init[456]: |.  + oEoS.       |
2024-03-04T00:42:40.603253+00:00 controlnode cloud-init[456]: |. + ..+*+        |
2024-03-04T00:42:40.603254+00:00 controlnode cloud-init[456]: |.o . +=o.*       |
